Archive member included to satisfy reference by file (symbol)

/home/vasyl/SW4STM32/SystemWorkbench-install/plugins/fr.ac6.mcu.externaltools.arm-none.linux64_1.17.0.201812190825/tools/compiler/bin/../lib/gcc/arm-none-eabi/7.3.1/thumb/v7e-m/fpv4-sp/hard/libgcc.a(_arm_addsubdf3.o)
                              Src/main.o (__aeabi_dsub)
/home/vasyl/SW4STM32/SystemWorkbench-install/plugins/fr.ac6.mcu.externaltools.arm-none.linux64_1.17.0.201812190825/tools/compiler/bin/../lib/gcc/arm-none-eabi/7.3.1/thumb/v7e-m/fpv4-sp/hard/libgcc.a(_arm_muldivdf3.o)
                              Src/main.o (__aeabi_dmul)
/home/vasyl/SW4STM32/SystemWorkbench-install/plugins/fr.ac6.mcu.externaltools.arm-none.linux64_1.17.0.201812190825/tools/compiler/bin/../lib/gcc/arm-none-eabi/7.3.1/thumb/v7e-m/fpv4-sp/hard/libgcc.a(_arm_fixunsdfsi.o)
                              Src/main.o (__aeabi_d2uiz)
/home/vasyl/SW4STM32/SystemWorkbench-install/plugins/fr.ac6.mcu.externaltools.arm-none.linux64_1.17.0.201812190825/tools/compiler/bin/../lib/gcc/arm-none-eabi/7.3.1/thumb/v7e-m/fpv4-sp/hard/libgcc.a(_aeabi_uldivmod.o)
                              Drivers/STM32F4xx_HAL_Driver/Src/stm32f4xx_hal_rcc.o (__aeabi_uldivmod)
/home/vasyl/SW4STM32/SystemWorkbench-install/plugins/fr.ac6.mcu.externaltools.arm-none.linux64_1.17.0.201812190825/tools/compiler/bin/../lib/gcc/arm-none-eabi/7.3.1/thumb/v7e-m/fpv4-sp/hard/libgcc.a(_udivmoddi4.o)
                              /home/vasyl/SW4STM32/SystemWorkbench-install/plugins/fr.ac6.mcu.externaltools.arm-none.linux64_1.17.0.201812190825/tools/compiler/bin/../lib/gcc/arm-none-eabi/7.3.1/thumb/v7e-m/fpv4-sp/hard/libgcc.a(_aeabi_uldivmod.o) (__udivmoddi4)
/home/vasyl/SW4STM32/SystemWorkbench-install/plugins/fr.ac6.mcu.externaltools.arm-none.linux64_1.17.0.201812190825/tools/compiler/bin/../lib/gcc/arm-none-eabi/7.3.1/thumb/v7e-m/fpv4-sp/hard/libgcc.a(_dvmd_tls.o)
                              /home/vasyl/SW4STM32/SystemWorkbench-install/plugins/fr.ac6.mcu.externaltools.arm-none.linux64_1.17.0.201812190825/tools/compiler/bin/../lib/gcc/arm-none-eabi/7.3.1/thumb/v7e-m/fpv4-sp/hard/libgcc.a(_aeabi_uldivmod.o) (__aeabi_ldiv0)
/home/vasyl/SW4STM32/SystemWorkbench-install/plugins/fr.ac6.mcu.externaltools.arm-none.linux64_1.17.0.201812190825/tools/compiler/bin/../lib/gcc/arm-none-eabi/7.3.1/../../../../arm-none-eabi/lib/thumb/v7e-m/fpv4-sp/hard/libc_nano.a(lib_a-errno.o)
                              Src/syscalls.o (__errno)
/home/vasyl/SW4STM32/SystemWorkbench-install/plugins/fr.ac6.mcu.externaltools.arm-none.linux64_1.17.0.201812190825/tools/compiler/bin/../lib/gcc/arm-none-eabi/7.3.1/../../../../arm-none-eabi/lib/thumb/v7e-m/fpv4-sp/hard/libc_nano.a(lib_a-exit.o)
                              /home/vasyl/SW4STM32/SystemWorkbench-install/plugins/fr.ac6.mcu.externaltools.arm-none.linux64_1.17.0.201812190825/tools/compiler/bin/../lib/gcc/arm-none-eabi/7.3.1/../../../../arm-none-eabi/lib/thumb/v7e-m/fpv4-sp/hard/crt0.o (exit)
/home/vasyl/SW4STM32/SystemWorkbench-install/plugins/fr.ac6.mcu.externaltools.arm-none.linux64_1.17.0.201812190825/tools/compiler/bin/../lib/gcc/arm-none-eabi/7.3.1/../../../../arm-none-eabi/lib/thumb/v7e-m/fpv4-sp/hard/libc_nano.a(lib_a-impure.o)
                              /home/vasyl/SW4STM32/SystemWorkbench-install/plugins/fr.ac6.mcu.externaltools.arm-none.linux64_1.17.0.201812190825/tools/compiler/bin/../lib/gcc/arm-none-eabi/7.3.1/../../../../arm-none-eabi/lib/thumb/v7e-m/fpv4-sp/hard/libc_nano.a(lib_a-exit.o) (_global_impure_ptr)
/home/vasyl/SW4STM32/SystemWorkbench-install/plugins/fr.ac6.mcu.externaltools.arm-none.linux64_1.17.0.201812190825/tools/compiler/bin/../lib/gcc/arm-none-eabi/7.3.1/../../../../arm-none-eabi/lib/thumb/v7e-m/fpv4-sp/hard/libc_nano.a(lib_a-init.o)
                              /home/vasyl/SW4STM32/SystemWorkbench-install/plugins/fr.ac6.mcu.externaltools.arm-none.linux64_1.17.0.201812190825/tools/compiler/bin/../lib/gcc/arm-none-eabi/7.3.1/../../../../arm-none-eabi/lib/thumb/v7e-m/fpv4-sp/hard/crt0.o (__libc_init_array)
/home/vasyl/SW4STM32/SystemWorkbench-install/plugins/fr.ac6.mcu.externaltools.arm-none.linux64_1.17.0.201812190825/tools/compiler/bin/../lib/gcc/arm-none-eabi/7.3.1/../../../../arm-none-eabi/lib/thumb/v7e-m/fpv4-sp/hard/libc_nano.a(lib_a-malloc.o)
                              Middlewares/ST/STM32_USB_Device_Library/Class/CDC/Src/usbd_cdc.o (malloc)
/home/vasyl/SW4STM32/SystemWorkbench-install/plugins/fr.ac6.mcu.externaltools.arm-none.linux64_1.17.0.201812190825/tools/compiler/bin/../lib/gcc/arm-none-eabi/7.3.1/../../../../arm-none-eabi/lib/thumb/v7e-m/fpv4-sp/hard/libc_nano.a(lib_a-memset.o)
                              /home/vasyl/SW4STM32/SystemWorkbench-install/plugins/fr.ac6.mcu.externaltools.arm-none.linux64_1.17.0.201812190825/tools/compiler/bin/../lib/gcc/arm-none-eabi/7.3.1/../../../../arm-none-eabi/lib/thumb/v7e-m/fpv4-sp/hard/crt0.o (memset)
[...]
Memory Configuration

Name             Origin             Length             Attributes
RAM              0x0000000020000000 0x0000000000020000 xrw
CCMRAM           0x0000000010000000 0x0000000000010000 rw
FLASH            0x0000000008000000 0x0000000000100000 xr
*default*        0x0000000000000000 0xffffffffffffffff

Linker script and memory map

LOAD /home/vasyl/SW4STM32/SystemWorkbench-install/plugins/fr.ac6.mcu.externaltools.arm-none.linux64_1.17.0.201812190825/tools/compiler/bin/../lib/gcc/arm-none-eabi/7.3.1/thumb/v7e-m/fpv4-sp/hard/crti.o
LOAD /home/vasyl/SW4STM32/SystemWorkbench-install/plugins/fr.ac6.mcu.externaltools.arm-none.linux64_1.17.0.201812190825/tools/compiler/bin/../lib/gcc/arm-none-eabi/7.3.1/thumb/v7e-m/fpv4-sp/hard/crtbegin.o
LOAD /home/vasyl/SW4STM32/SystemWorkbench-install/plugins/fr.ac6.mcu.externaltools.arm-none.linux64_1.17.0.201812190825/tools/compiler/bin/../lib/gcc/arm-none-eabi/7.3.1/../../../../arm-none-eabi/lib/thumb/v7e-m/fpv4-sp/hard/crt0.o
LOAD Drivers/STM32F4xx_HAL_Driver/Src/stm32f4xx_hal.o
LOAD Drivers/STM32F4xx_HAL_Driver/Src/stm32f4xx_hal_cortex.o
LOAD Drivers/STM32F4xx_HAL_Driver/Src/stm32f4xx_hal_dma.o
LOAD Drivers/STM32F4xx_HAL_Driver/Src/stm32f4xx_hal_dma_ex.o
LOAD Drivers/STM32F4xx_HAL_Driver/Src/stm32f4xx_hal_exti.o
LOAD Drivers/STM32F4xx_HAL_Driver/Src/stm32f4xx_hal_flash.o
LOAD Drivers/STM32F4xx_HAL_Driver/Src/stm32f4xx_hal_flash_ex.o
LOAD Drivers/STM32F4xx_HAL_Driver/Src/stm32f4xx_hal_flash_ramfunc.o
LOAD Drivers/STM32F4xx_HAL_Driver/Src/stm32f4xx_hal_gpio.o
LOAD Drivers/STM32F4xx_HAL_Driver/Src/stm32f4xx_hal_pcd.o
LOAD Drivers/STM32F4xx_HAL_Driver/Src/stm32f4xx_hal_pcd_ex.o
LOAD Drivers/STM32F4xx_HAL_Driver/Src/stm32f4xx_hal_pwr.o
LOAD Drivers/STM32F4xx_HAL_Driver/Src/stm32f4xx_hal_pwr_ex.o
LOAD Drivers/STM32F4xx_HAL_Driver/Src/stm32f4xx_hal_rcc.o
LOAD Drivers/STM32F4xx_HAL_Driver/Src/stm32f4xx_hal_rcc_ex.o
LOAD Drivers/STM32F4xx_HAL_Driver/Src/stm32f4xx_hal_tim.o
LOAD Drivers/STM32F4xx_HAL_Driver/Src/stm32f4xx_hal_tim_ex.o
LOAD Drivers/STM32F4xx_HAL_Driver/Src/stm32f4xx_ll_usb.o
LOAD Middlewares/ST/STM32_USB_Device_Library/Class/CDC/Src/usbd_cdc.o
LOAD Middlewares/ST/STM32_USB_Device_Library/Core/Src/usbd_core.o
LOAD Middlewares/ST/STM32_USB_Device_Library/Core/Src/usbd_ctlreq.o
LOAD Middlewares/ST/STM32_USB_Device_Library/Core/Src/usbd_ioreq.o
LOAD Src/main.o
LOAD Src/stm32f4xx_hal_msp.o
LOAD Src/stm32f4xx_it.o
LOAD Src/syscalls.o
LOAD Src/system_stm32f4xx.o
LOAD Src/usb_device.o
LOAD Src/usbd_cdc_if.o
LOAD Src/usbd_conf.o
LOAD Src/usbd_desc.o
LOAD startup/startup_stm32f407xx.o
LOAD /home/vasyl/SW4STM32/SystemWorkbench-install/plugins/fr.ac6.mcu.externaltools.arm-none.linux64_1.17.0.201812190825/tools/compiler/bin/../lib/gcc/arm-none-eabi/7.3.1/../../../../arm-none-eabi/lib/thumb/v7e-m/fpv4-sp/hard/libm.a
START GROUP
LOAD /home/vasyl/SW4STM32/SystemWorkbench-install/plugins/fr.ac6.mcu.externaltools.arm-none.linux64_1.17.0.201812190825/tools/compiler/bin/../lib/gcc/arm-none-eabi/7.3.1/thumb/v7e-m/fpv4-sp/hard/libgcc.a
LOAD /home/vasyl/SW4STM32/SystemWorkbench-install/plugins/fr.ac6.mcu.externaltools.arm-none.linux64_1.17.0.201812190825/tools/compiler/bin/../lib/gcc/arm-none-eabi/7.3.1/../../../../arm-none-eabi/lib/thumb/v7e-m/fpv4-sp/hard/libc_nano.a
END GROUP
START GROUP
LOAD /home/vasyl/SW4STM32/SystemWorkbench-install/plugins/fr.ac6.mcu.externaltools.arm-none.linux64_1.17.0.201812190825/tools/compiler/bin/../lib/gcc/arm-none-eabi/7.3.1/thumb/v7e-m/fpv4-sp/hard/libgcc.a
LOAD /home/vasyl/SW4STM32/SystemWorkbench-install/plugins/fr.ac6.mcu.externaltools.arm-none.linux64_1.17.0.201812190825/tools/compiler/bin/../lib/gcc/arm-none-eabi/7.3.1/../../../../arm-none-eabi/lib/thumb/v7e-m/fpv4-sp/hard/libc_nano.a
LOAD /home/vasyl/SW4STM32/SystemWorkbench-install/plugins/fr.ac6.mcu.externaltools.arm-none.linux64_1.17.0.201812190825/tools/compiler/bin/../lib/gcc/arm-none-eabi/7.3.1/../../../../arm-none-eabi/lib/thumb/v7e-m/fpv4-sp/hard/libnosys.a
END GROUP
START GROUP
LOAD /home/vasyl/SW4STM32/SystemWorkbench-install/plugins/fr.ac6.mcu.externaltools.arm-none.linux64_1.17.0.201812190825/tools/compiler/bin/../lib/gcc/arm-none-eabi/7.3.1/thumb/v7e-m/fpv4-sp/hard/libgcc.a
LOAD /home/vasyl/SW4STM32/SystemWorkbench-install/plugins/fr.ac6.mcu.externaltools.arm-none.linux64_1.17.0.201812190825/tools/compiler/bin/../lib/gcc/arm-none-eabi/7.3.1/../../../../arm-none-eabi/lib/thumb/v7e-m/fpv4-sp/hard/libc_nano.a
LOAD /home/vasyl/SW4STM32/SystemWorkbench-install/plugins/fr.ac6.mcu.externaltools.arm-none.linux64_1.17.0.201812190825/tools/compiler/bin/../lib/gcc/arm-none-eabi/7.3.1/../../../../arm-none-eabi/lib/thumb/v7e-m/fpv4-sp/hard/libnosys.a
END GROUP
LOAD /home/vasyl/SW4STM32/SystemWorkbench-install/plugins/fr.ac6.mcu.externaltools.arm-none.linux64_1.17.0.201812190825/tools/compiler/bin/../lib/gcc/arm-none-eabi/7.3.1/thumb/v7e-m/fpv4-sp/hard/crtend.o
LOAD /home/vasyl/SW4STM32/SystemWorkbench-install/plugins/fr.ac6.mcu.externaltools.arm-none.linux64_1.17.0.201812190825/tools/compiler/bin/../lib/gcc/arm-none-eabi/7.3.1/thumb/v7e-m/fpv4-sp/hard/crtn.o
                0x0000000020020000                _estack = 0x20020000
                0x0000000000000200                _Min_Heap_Size = 0x200
                0x0000000000000400                _Min_Stack_Size = 0x400

.isr_vector     0x0000000008000000      0x188
                0x0000000008000000                . = ALIGN (0x4)
 *(.isr_vector)
 .isr_vector    0x0000000008000000      0x188 startup/startup_stm32f407xx.o
                0x0000000008000000                g_pfnVectors
                0x0000000008000188                . = ALIGN (0x4)

.text           0x0000000008000190     0x5148
                0x0000000008000190                . = ALIGN (0x4)
 *(.text)
 .text          0x0000000008000190       0x40 /home/vasyl/SW4STM32/SystemWorkbench-install/plugins/fr.ac6.mcu.externaltools.arm-none.linux64_1.17.0.201812190825/tools/compiler/bin/../lib/gcc/arm-none-eabi/7.3.1/thumb/v7e-m/fpv4-sp/hard/crtbegin.o
 .text          0x00000000080001d0      0x378 /home/vasyl/SW4STM32/SystemWorkbench-install/plugins/fr.ac6.mcu.externaltools.arm-none.linux64_1.17.0.201812190825/tools/compiler/bin/../lib/gcc/arm-none-eabi/7.3.1/thumb/v7e-m/fpv4-sp/hard/libgcc.a(_arm_addsubdf3.o)
                0x00000000080001d0                __aeabi_drsub
                0x00000000080001d8                __aeabi_dsub
                0x00000000080001d8                __subdf3
                0x00000000080001dc                __adddf3
                0x00000000080001dc                __aeabi_dadd
                0x0000000008000454                __aeabi_ui2d
                0x0000000008000454                __floatunsidf
                0x0000000008000474                __floatsidf
                0x0000000008000474                __aeabi_i2d
                0x0000000008000498                __extendsfdf2
                0x0000000008000498                __aeabi_f2d
                0x00000000080004dc                __aeabi_ul2d
                0x00000000080004dc                __floatundidf
                0x00000000080004ec                __floatdidf
                0x00000000080004ec                __aeabi_l2d
 .text          0x0000000008000548      0x424 /home/vasyl/SW4STM32/SystemWorkbench-install/plugins/fr.ac6.mcu.externaltools.arm-none.linux64_1.17.0.201812190825/tools/compiler/bin/../lib/gcc/arm-none-eabi/7.3.1/thumb/v7e-m/fpv4-sp/hard/libgcc.a(_arm_muldivdf3.o)
                0x0000000008000548                __aeabi_dmul
                0x0000000008000548                __muldf3
                0x000000000800079c                __aeabi_ddiv
                0x000000000800079c                __divdf3
 .text          0x000000000800096c       0x40 /home/vasyl/SW4STM32/SystemWorkbench-install/plugins/fr.ac6.mcu.externaltools.arm-none.linux64_1.17.0.201812190825/tools/compiler/bin/../lib/gcc/arm-none-eabi/7.3.1/thumb/v7e-m/fpv4-sp/hard/libgcc.a(_arm_fixunsdfsi.o)
                0x000000000800096c                __fixunsdfsi
                0x000000000800096c                __aeabi_d2uiz
 .text          0x00000000080009ac       0x30 /home/vasyl/SW4STM32/SystemWorkbench-install/plugins/fr.ac6.mcu.externaltools.arm-none.linux64_1.17.0.201812190825/tools/compiler/bin/../lib/gcc/arm-none-eabi/7.3.1/thumb/v7e-m/fpv4-sp/hard/libgcc.a(_aeabi_uldivmod.o)
                0x00000000080009ac                __aeabi_uldivmod
 .text          0x00000000080009dc      0x2cc /home/vasyl/SW4STM32/SystemWorkbench-install/plugins/fr.ac6.mcu.externaltools.arm-none.linux64_1.17.0.201812190825/tools/compiler/bin/../lib/gcc/arm-none-eabi/7.3.1/thumb/v7e-m/fpv4-sp/hard/libgcc.a(_udivmoddi4.o)
                0x00000000080009dc                __udivmoddi4
 .text          0x0000000008000ca8        0x4 /home/vasyl/SW4STM32/SystemWorkbench-install/plugins/fr.ac6.mcu.externaltools.arm-none.linux64_1.17.0.201812190825/tools/compiler/bin/../lib/gcc/arm-none-eabi/7.3.1/thumb/v7e-m/fpv4-sp/hard/libgcc.a(_dvmd_tls.o)
                0x0000000008000ca8                __aeabi_ldiv0
                0x0000000008000ca8                __aeabi_idiv0
 *fill*         0x0000000008000cac        0x4 
 .text          0x0000000008000cb0       0xa0 /home/vasyl/SW4STM32/SystemWorkbench-install/plugins/fr.ac6.mcu.externaltools.arm-none.linux64_1.17.0.201812190825/tools/compiler/bin/../lib/gcc/arm-none-eabi/7.3.1/../../../../arm-none-eabi/lib/thumb/v7e-m/fpv4-sp/hard/libc_nano.a(lib_a-memchr.o)
                0x0000000008000cb0                memchr
 *(.text*)
 .text.HAL_InitTick
                0x0000000008000d50       0x48 Drivers/STM32F4xx_HAL_Driver/Src/stm32f4xx_hal.o
                0x0000000008000d50                HAL_InitTick
 .text.HAL_Init
                0x0000000008000d98       0x34 Drivers/STM32F4xx_HAL_Driver/Src/stm32f4xx_hal.o
                0x0000000008000d98                HAL_Init
 .text.HAL_IncTick
                0x0000000008000dcc       0x18 Drivers/STM32F4xx_HAL_Driver/Src/stm32f4xx_hal.o
                0x0000000008000dcc                HAL_IncTick
 .text.HAL_GetTick
                0x0000000008000de4        0xc Drivers/STM32F4xx_HAL_Driver/Src/stm32f4xx_hal.o
                0x0000000008000de4                HAL_GetTick
 .text.HAL_Delay
                0x0000000008000df0       0x28 Drivers/STM32F4xx_HAL_Driver/Src/stm32f4xx_hal.o
                0x0000000008000df0                HAL_Delay
 .text.HAL_NVIC_SetPriorityGrouping
                0x0000000008000e18       0x24 Drivers/STM32F4xx_HAL_Driver/Src/stm32f4xx_hal_cortex.o
                0x0000000008000e18                HAL_NVIC_SetPriorityGrouping
 .text.HAL_NVIC_SetPriority
                0x0000000008000e3c       0x68 Drivers/STM32F4xx_HAL_Driver/Src/stm32f4xx_hal_cortex.o
                0x0000000008000e3c                HAL_NVIC_SetPriority
 .text.HAL_NVIC_EnableIRQ
                0x0000000008000ea4       0x1c Drivers/STM32F4xx_HAL_Driver/Src/stm32f4xx_hal_cortex.o
                0x0000000008000ea4                HAL_NVIC_EnableIRQ
 .text.HAL_SYSTICK_Config
                0x0000000008000ec0       0x2c Drivers/STM32F4xx_HAL_Driver/Src/stm32f4xx_hal_cortex.o
                0x0000000008000ec0                HAL_SYSTICK_Config
 .text.HAL_GPIO_Init
                0x0000000008000eec      0x1c8 Drivers/STM32F4xx_HAL_Driver/Src/stm32f4xx_hal_gpio.o
                0x0000000008000eec                HAL_GPIO_Init
 .text.PCD_WriteEmptyTxFifo
                0x00000000080010b4       0xd4 Drivers/STM32F4xx_HAL_Driver/Src/stm32f4xx_hal_pcd.o
 .text.HAL_PCD_Init
                0x0000000008001188      0x122 Drivers/STM32F4xx_HAL_Driver/Src/stm32f4xx_hal_pcd.o
                0x0000000008001188                HAL_PCD_Init
 .text.HAL_PCD_Start
                0x00000000080012aa       0x42 Drivers/STM32F4xx_HAL_Driver/Src/stm32f4xx_hal_pcd.o
                0x00000000080012aa                HAL_PCD_Start
 .text.PCD_EP_OutXfrComplete_int
                0x00000000080012ec       0xf8 Drivers/STM32F4xx_HAL_Driver/Src/stm32f4xx_hal_pcd.o
 .text.PCD_EP_OutSetupPacket_int
                0x00000000080013e4       0x6c Drivers/STM32F4xx_HAL_Driver/Src/stm32f4xx_hal_pcd.o
 .text.HAL_PCD_IRQHandler
                0x0000000008001450      0x4a0 Drivers/STM32F4xx_HAL_Driver/Src/stm32f4xx_hal_pcd.o
                0x0000000008001450                HAL_PCD_IRQHandler
 .text.HAL_PCD_SetAddress
                0x00000000080018f0       0x28 Drivers/STM32F4xx_HAL_Driver/Src/stm32f4xx_hal_pcd.o
                0x00000000080018f0                HAL_PCD_SetAddress
 .text.HAL_PCD_EP_Open
                0x0000000008001918       0x82 Drivers/STM32F4xx_HAL_Driver/Src/stm32f4xx_hal_pcd.o
                0x0000000008001918                HAL_PCD_EP_Open
 .text.HAL_PCD_EP_Close
                0x000000000800199a       0x6e Drivers/STM32F4xx_HAL_Driver/Src/stm32f4xx_hal_pcd.o
                0x000000000800199a                HAL_PCD_EP_Close
 .text.HAL_PCD_EP_Receive
                0x0000000008001a08       0x5c Drivers/STM32F4xx_HAL_Driver/Src/stm32f4xx_hal_pcd.o
                0x0000000008001a08                HAL_PCD_EP_Receive
 .text.HAL_PCD_EP_GetRxCount
                0x0000000008001a64       0x12 Drivers/STM32F4xx_HAL_Driver/Src/stm32f4xx_hal_pcd.o
                0x0000000008001a64                HAL_PCD_EP_GetRxCount
 .text.HAL_PCD_EP_Transmit
                0x0000000008001a76       0x54 Drivers/STM32F4xx_HAL_Driver/Src/stm32f4xx_hal_pcd.o
                0x0000000008001a76                HAL_PCD_EP_Transmit
 .text.HAL_PCD_EP_SetStall
                0x0000000008001aca       0x82 Drivers/STM32F4xx_HAL_Driver/Src/stm32f4xx_hal_pcd.o
                0x0000000008001aca                HAL_PCD_EP_SetStall
 .text.HAL_PCD_EP_ClrStall
                0x0000000008001b4c       0x6e Drivers/STM32F4xx_HAL_Driver/Src/stm32f4xx_hal_pcd.o
                0x0000000008001b4c                HAL_PCD_EP_ClrStall
 .text.HAL_PCDEx_SetTxFiFo
                0x0000000008001bba       0x48 Drivers/STM32F4xx_HAL_Driver/Src/stm32f4xx_hal_pcd_ex.o
                0x0000000008001bba                HAL_PCDEx_SetTxFiFo
 .text.HAL_PCDEx_SetRxFiFo
                0x0000000008001c02        0x8 Drivers/STM32F4xx_HAL_Driver/Src/stm32f4xx_hal_pcd_ex.o
                0x0000000008001c02                HAL_PCDEx_SetRxFiFo
 .text.HAL_PCDEx_LPM_Callback
                0x0000000008001c0a        0x2 Drivers/STM32F4xx_HAL_Driver/Src/stm32f4xx_hal_pcd_ex.o
                0x0000000008001c0a                HAL_PCDEx_LPM_Callback
 .text.HAL_RCC_OscConfig
                0x0000000008001c0c      0x398 Drivers/STM32F4xx_HAL_Driver/Src/stm32f4xx_hal_rcc.o
                0x0000000008001c0c                HAL_RCC_OscConfig
 .text.HAL_RCC_GetSysClockFreq
                0x0000000008001fa4       0xd8 Drivers/STM32F4xx_HAL_Driver/Src/stm32f4xx_hal_rcc.o
                0x0000000008001fa4                HAL_RCC_GetSysClockFreq
 .text.HAL_RCC_ClockConfig
                0x000000000800207c      0x158 Drivers/STM32F4xx_HAL_Driver/Src/stm32f4xx_hal_rcc.o
                0x000000000800207c                HAL_RCC_ClockConfig
 .text.HAL_RCC_GetHCLKFreq
                0x00000000080021d4        0xc Drivers/STM32F4xx_HAL_Driver/Src/stm32f4xx_hal_rcc.o
                0x00000000080021d4                HAL_RCC_GetHCLKFreq
 .text.TIM_TI1_ConfigInputStage
                0x00000000080021e0       0x26 Drivers/STM32F4xx_HAL_Driver/Src/stm32f4xx_hal_tim.o
 .text.TIM_TI2_SetConfig
                0x0000000008002206       0x34 Drivers/STM32F4xx_HAL_Driver/Src/stm32f4xx_hal_tim.o
 .text.TIM_TI2_ConfigInputStage
                0x000000000800223a       0x28 Drivers/STM32F4xx_HAL_Driver/Src/stm32f4xx_hal_tim.o
 .text.TIM_TI3_SetConfig
                0x0000000008002262       0x32 Drivers/STM32F4xx_HAL_Driver/Src/stm32f4xx_hal_tim.o
 .text.TIM_TI4_SetConfig
                0x0000000008002294       0x34 Drivers/STM32F4xx_HAL_Driver/Src/stm32f4xx_hal_tim.o
 .text.HAL_TIM_IC_MspInit
                0x00000000080022c8        0x2 Drivers/STM32F4xx_HAL_Driver/Src/stm32f4xx_hal_tim.o
                0x00000000080022c8                HAL_TIM_IC_MspInit
 *fill*         0x00000000080022ca        0x2 
 .text.TIM_Base_SetConfig
                0x00000000080022cc       0xc8 Drivers/STM32F4xx_HAL_Driver/Src/stm32f4xx_hal_tim.o
                0x00000000080022cc                TIM_Base_SetConfig
 .text.HAL_TIM_Base_Init
                0x0000000008002394       0x32 Drivers/STM32F4xx_HAL_Driver/Src/stm32f4xx_hal_tim.o
                0x0000000008002394                HAL_TIM_Base_Init
 .text.HAL_TIM_IC_Init
                0x00000000080023c6       0x32 Drivers/STM32F4xx_HAL_Driver/Src/stm32f4xx_hal_tim.o
                0x00000000080023c6                HAL_TIM_IC_Init
 .text.TIM_TI1_SetConfig
                0x00000000080023f8       0x78 Drivers/STM32F4xx_HAL_Driver/Src/stm32f4xx_hal_tim.o
                0x00000000080023f8                TIM_TI1_SetConfig
 .text.HAL_TIM_IC_ConfigChannel
                0x0000000008002470       0xc0 Drivers/STM32F4xx_HAL_Driver/Src/stm32f4xx_hal_tim.o
                0x0000000008002470                HAL_TIM_IC_ConfigChannel
 .text.TIM_ETR_SetConfig
                0x0000000008002530       0x18 Drivers/STM32F4xx_HAL_Driver/Src/stm32f4xx_hal_tim.o
                0x0000000008002530                TIM_ETR_SetConfig
 .text.TIM_SlaveTimer_SetConfig
                0x0000000008002548       0x8a Drivers/STM32F4xx_HAL_Driver/Src/stm32f4xx_hal_tim.o
 .text.HAL_TIM_SlaveConfigSynchro
                0x00000000080025d2       0x58 Drivers/STM32F4xx_HAL_Driver/Src/stm32f4xx_hal_tim.o
                0x00000000080025d2                HAL_TIM_SlaveConfigSynchro
 .text.HAL_TIMEx_MasterConfigSynchronization
                0x000000000800262a       0x46 Drivers/STM32F4xx_HAL_Driver/Src/stm32f4xx_hal_tim_ex.o
                0x000000000800262a                HAL_TIMEx_MasterConfigSynchronization
 .text.USB_CoreReset
                0x0000000008002670       0x3c Drivers/STM32F4xx_HAL_Driver/Src/stm32f4xx_ll_usb.o
 .text.USB_CoreInit
                0x00000000080026ac       0x8a Drivers/STM32F4xx_HAL_Driver/Src/stm32f4xx_ll_usb.o
                0x00000000080026ac                USB_CoreInit
 *fill*         0x0000000008002736        0x2 
 .text.USB_SetTurnaroundTime
                0x0000000008002738       0xec Drivers/STM32F4xx_HAL_Driver/Src/stm32f4xx_ll_usb.o
                0x0000000008002738                USB_SetTurnaroundTime
 .text.USB_EnableGlobalInt
                0x0000000008002824        0xc Drivers/STM32F4xx_HAL_Driver/Src/stm32f4xx_ll_usb.o
                0x0000000008002824                USB_EnableGlobalInt
 .text.USB_DisableGlobalInt
                0x0000000008002830        0xc Drivers/STM32F4xx_HAL_Driver/Src/stm32f4xx_ll_usb.o
                0x0000000008002830                USB_DisableGlobalInt
 .text.USB_SetCurrentMode
                0x000000000800283c       0x30 Drivers/STM32F4xx_HAL_Driver/Src/stm32f4xx_ll_usb.o
                0x000000000800283c                USB_SetCurrentMode
 .text.USB_FlushTxFifo
                0x000000000800286c       0x28 Drivers/STM32F4xx_HAL_Driver/Src/stm32f4xx_ll_usb.o
                0x000000000800286c                USB_FlushTxFifo
 .text.USB_FlushRxFifo
                0x0000000008002894       0x24 Drivers/STM32F4xx_HAL_Driver/Src/stm32f4xx_ll_usb.o
                0x0000000008002894                USB_FlushRxFifo
 .text.USB_SetDevSpeed
                0x00000000080028b8        0xe Drivers/STM32F4xx_HAL_Driver/Src/stm32f4xx_ll_usb.o
                0x00000000080028b8                USB_SetDevSpeed
 *fill*         0x00000000080028c6        0x2 
 .text.USB_DevInit
                0x00000000080028c8      0x1a0 Drivers/STM32F4xx_HAL_Driver/Src/stm32f4xx_ll_usb.o
                0x00000000080028c8                USB_DevInit
 .text.USB_GetDevSpeed
                0x0000000008002a68       0x22 Drivers/STM32F4xx_HAL_Driver/Src/stm32f4xx_ll_usb.o
                0x0000000008002a68                USB_GetDevSpeed
 .text.USB_ActivateEndpoint
                0x0000000008002a8a       0x94 Drivers/STM32F4xx_HAL_Driver/Src/stm32f4xx_ll_usb.o
                0x0000000008002a8a                USB_ActivateEndpoint
 *fill*         0x0000000008002b1e        0x2 
 .text.USB_DeactivateEndpoint
                0x0000000008002b20       0x90 Drivers/STM32F4xx_HAL_Driver/Src/stm32f4xx_ll_usb.o
                0x0000000008002b20                USB_DeactivateEndpoint
 .text.USB_EP0StartXfer
                0x0000000008002bb0      0x11c Drivers/STM32F4xx_HAL_Driver/Src/stm32f4xx_ll_usb.o
                0x0000000008002bb0                USB_EP0StartXfer
 .text.USB_WritePacket
                0x0000000008002ccc       0x28 Drivers/STM32F4xx_HAL_Driver/Src/stm32f4xx_ll_usb.o
                0x0000000008002ccc                USB_WritePacket
 .text.USB_EPStartXfer
                0x0000000008002cf4      0x21c Drivers/STM32F4xx_HAL_Driver/Src/stm32f4xx_ll_usb.o
                0x0000000008002cf4                USB_EPStartXfer
 .text.USB_ReadPacket
                0x0000000008002f10       0x28 Drivers/STM32F4xx_HAL_Driver/Src/stm32f4xx_ll_usb.o
                0x0000000008002f10                USB_ReadPacket
 .text.USB_EPSetStall
                0x0000000008002f38       0x5a Drivers/STM32F4xx_HAL_Driver/Src/stm32f4xx_ll_usb.o
                0x0000000008002f38                USB_EPSetStall
 .text.USB_EPClearStall
                0x0000000008002f92       0x5c Drivers/STM32F4xx_HAL_Driver/Src/stm32f4xx_ll_usb.o
                0x0000000008002f92                USB_EPClearStall
 .text.USB_SetDevAddress
                0x0000000008002fee       0x20 Drivers/STM32F4xx_HAL_Driver/Src/stm32f4xx_ll_usb.o
                0x0000000008002fee                USB_SetDevAddress
 .text.USB_DevConnect
                0x000000000800300e       0x18 Drivers/STM32F4xx_HAL_Driver/Src/stm32f4xx_ll_usb.o
                0x000000000800300e                USB_DevConnect
 .text.USB_DevDisconnect
                0x0000000008003026       0x18 Drivers/STM32F4xx_HAL_Driver/Src/stm32f4xx_ll_usb.o
                0x0000000008003026                USB_DevDisconnect
 .text.USB_ReadInterrupts
                0x000000000800303e        0x8 Drivers/STM32F4xx_HAL_Driver/Src/stm32f4xx_ll_usb.o
                0x000000000800303e                USB_ReadInterrupts
 .text.USB_ReadDevAllOutEpInterrupt
                0x0000000008003046       0x10 Drivers/STM32F4xx_HAL_Driver/Src/stm32f4xx_ll_usb.o
                0x0000000008003046                USB_ReadDevAllOutEpInterrupt
 .text.USB_ReadDevAllInEpInterrupt
                0x0000000008003056       0x10 Drivers/STM32F4xx_HAL_Driver/Src/stm32f4xx_ll_usb.o
                0x0000000008003056                USB_ReadDevAllInEpInterrupt
 .text.USB_ReadDevOutEPInterrupt
                0x0000000008003066       0x12 Drivers/STM32F4xx_HAL_Driver/Src/stm32f4xx_ll_usb.o
                0x0000000008003066                USB_ReadDevOutEPInterrupt
 .text.USB_ReadDevInEPInterrupt
                0x0000000008003078       0x28 Drivers/STM32F4xx_HAL_Driver/Src/stm32f4xx_ll_usb.o
                0x0000000008003078                USB_ReadDevInEPInterrupt
 .text.USB_GetMode
                0x00000000080030a0        0x8 Drivers/STM32F4xx_HAL_Driver/Src/stm32f4xx_ll_usb.o
                0x00000000080030a0                USB_GetMode
 .text.USB_ActivateSetup
                0x00000000080030a8       0x38 Drivers/STM32F4xx_HAL_Driver/Src/stm32f4xx_ll_usb.o
                0x00000000080030a8                USB_ActivateSetup
 .text.USB_EP0_OutStart
                0x00000000080030e0       0x60 Drivers/STM32F4xx_HAL_Driver/Src/stm32f4xx_ll_usb.o
                0x00000000080030e0                USB_EP0_OutStart
 .text.USBD_CDC_EP0_RxReady
                0x0000000008003140       0x28 Middlewares/ST/STM32_USB_Device_Library/Class/CDC/Src/usbd_cdc.o
 .text.USBD_CDC_GetFSCfgDesc
                0x0000000008003168        0xc Middlewares/ST/STM32_USB_Device_Library/Class/CDC/Src/usbd_cdc.o
 .text.USBD_CDC_GetHSCfgDesc
                0x0000000008003174        0xc Middlewares/ST/STM32_USB_Device_Library/Class/CDC/Src/usbd_cdc.o
 .text.USBD_CDC_GetOtherSpeedCfgDesc
                0x0000000008003180        0xc Middlewares/ST/STM32_USB_Device_Library/Class/CDC/Src/usbd_cdc.o
 .text.USBD_CDC_GetDeviceQualifierDescriptor
                0x000000000800318c        0xc Middlewares/ST/STM32_USB_Device_Library/Class/CDC/Src/usbd_cdc.o
                0x000000000800318c                USBD_CDC_GetDeviceQualifierDescriptor
 .text.USBD_CDC_DataOut
                0x0000000008003198       0x2e Middlewares/ST/STM32_USB_Device_Library/Class/CDC/Src/usbd_cdc.o
 .text.USBD_CDC_DataIn
                0x00000000080031c6       0x50 Middlewares/ST/STM32_USB_Device_Library/Class/CDC/Src/usbd_cdc.o
 .text.USBD_CDC_Setup
                0x0000000008003216       0xda Middlewares/ST/STM32_USB_Device_Library/Class/CDC/Src/usbd_cdc.o
 .text.USBD_CDC_DeInit
                0x00000000080032f0       0x42 Middlewares/ST/STM32_USB_Device_Library/Class/CDC/Src/usbd_cdc.o
 .text.USBD_CDC_Init
                0x0000000008003332       0xaa Middlewares/ST/STM32_USB_Device_Library/Class/CDC/Src/usbd_cdc.o
 .text.USBD_CDC_RegisterInterface
                0x00000000080033dc        0xe Middlewares/ST/STM32_USB_Device_Library/Class/CDC/Src/usbd_cdc.o
                0x00000000080033dc                USBD_CDC_RegisterInterface
 .text.USBD_CDC_SetTxBuffer
                0x00000000080033ea       0x10 Middlewares/ST/STM32_USB_Device_Library/Class/CDC/Src/usbd_cdc.o
                0x00000000080033ea                USBD_CDC_SetTxBuffer
 .text.USBD_CDC_SetRxBuffer
                0x00000000080033fa        0xc Middlewares/ST/STM32_USB_Device_Library/Class/CDC/Src/usbd_cdc.o
                0x00000000080033fa                USBD_CDC_SetRxBuffer
 .text.USBD_CDC_TransmitPacket
                0x0000000008003406       0x34 Middlewares/ST/STM32_USB_Device_Library/Class/CDC/Src/usbd_cdc.o
                0x0000000008003406                USBD_CDC_TransmitPacket
 .text.USBD_CDC_ReceivePacket
                0x000000000800343a       0x32 Middlewares/ST/STM32_USB_Device_Library/Class/CDC/Src/usbd_cdc.o
                0x000000000800343a                USBD_CDC_ReceivePacket
 .text.USBD_Init
                0x000000000800346c       0x2e Middlewares/ST/STM32_USB_Device_Library/Core/Src/usbd_core.o
                0x000000000800346c                USBD_Init
 .text.USBD_RegisterClass
                0x000000000800349a        0xe Middlewares/ST/STM32_USB_Device_Library/Core/Src/usbd_core.o
                0x000000000800349a                USBD_RegisterClass
 .text.USBD_Start
                0x00000000080034a8        0xa Middlewares/ST/STM32_USB_Device_Library/Core/Src/usbd_core.o
                0x00000000080034a8                USBD_Start
 .text.USBD_SetClassConfig
                0x00000000080034b2       0x1a Middlewares/ST/STM32_USB_Device_Library/Core/Src/usbd_core.o
                0x00000000080034b2                USBD_SetClassConfig
 .text.USBD_ClrClassConfig
                0x00000000080034cc        0xe Middlewares/ST/STM32_USB_Device_Library/Core/Src/usbd_core.o
                0x00000000080034cc                USBD_ClrClassConfig
 .text.USBD_LL_SetupStage
                0x00000000080034da       0x5a Middlewares/ST/STM32_USB_Device_Library/Core/Src/usbd_core.o
                0x00000000080034da                USBD_LL_SetupStage
 .text.USBD_LL_DataOutStage
                0x0000000008003534       0x92 Middlewares/ST/STM32_USB_Device_Library/Core/Src/usbd_core.o
                0x0000000008003534                USBD_LL_DataOutStage
 .text.USBD_LL_DataInStage
                0x00000000080035c6       0xd2 Middlewares/ST/STM32_USB_Device_Library/Core/Src/usbd_core.o
                0x00000000080035c6                USBD_LL_DataInStage
 .text.USBD_LL_Reset
                0x0000000008003698       0x50 Middlewares/ST/STM32_USB_Device_Library/Core/Src/usbd_core.o
                0x0000000008003698                USBD_LL_Reset
 .text.USBD_LL_SetSpeed
                0x00000000080036e8        0x6 Middlewares/ST/STM32_USB_Device_Library/Core/Src/usbd_core.o
                0x00000000080036e8                USBD_LL_SetSpeed
 .text.USBD_LL_Suspend
                0x00000000080036ee       0x12 Middlewares/ST/STM32_USB_Device_Library/Core/Src/usbd_core.o
                0x00000000080036ee                USBD_LL_Suspend
 .text.USBD_LL_Resume
                0x0000000008003700        0xc Middlewares/ST/STM32_USB_Device_Library/Core/Src/usbd_core.o
                0x0000000008003700                USBD_LL_Resume
 .text.USBD_LL_SOF
                0x000000000800370c       0x1c Middlewares/ST/STM32_USB_Device_Library/Core/Src/usbd_core.o
                0x000000000800370c                USBD_LL_SOF
 .text.USBD_LL_IsoINIncomplete
                0x0000000008003728        0x4 Middlewares/ST/STM32_USB_Device_Library/Core/Src/usbd_core.o
                0x0000000008003728                USBD_LL_IsoINIncomplete
 .text.USBD_LL_IsoOUTIncomplete
                0x000000000800372c        0x4 Middlewares/ST/STM32_USB_Device_Library/Core/Src/usbd_core.o
                0x000000000800372c                USBD_LL_IsoOUTIncomplete
 .text.USBD_LL_DevConnected
                0x0000000008003730        0x4 Middlewares/ST/STM32_USB_Device_Library/Core/Src/usbd_core.o
                0x0000000008003730                USBD_LL_DevConnected
 .text.USBD_LL_DevDisconnected
                0x0000000008003734       0x16 Middlewares/ST/STM32_USB_Device_Library/Core/Src/usbd_core.o
                0x0000000008003734                USBD_LL_DevDisconnected
 .text.USBD_GetLen
                0x000000000800374a       0x14 Middlewares/ST/STM32_USB_Device_Library/Core/Src/usbd_ctlreq.o
 .text.USBD_SetFeature
                0x000000000800375e       0x14 Middlewares/ST/STM32_USB_Device_Library/Core/Src/usbd_ctlreq.o
 .text.USBD_ParseSetupRequest
                0x0000000008003772       0x28 Middlewares/ST/STM32_USB_Device_Library/Core/Src/usbd_ctlreq.o
                0x0000000008003772                USBD_ParseSetupRequest
 .text.USBD_CtlError
                0x000000000800379a       0x14 Middlewares/ST/STM32_USB_Device_Library/Core/Src/usbd_ctlreq.o
                0x000000000800379a                USBD_CtlError
 .text.USBD_GetDescriptor
                0x00000000080037ae      0x140 Middlewares/ST/STM32_USB_Device_Library/Core/Src/usbd_ctlreq.o
 .text.USBD_SetAddress
                0x00000000080038ee       0x4e Middlewares/ST/STM32_USB_Device_Library/Core/Src/usbd_ctlreq.o
 .text.USBD_SetConfig
                0x000000000800393c       0xb0 Middlewares/ST/STM32_USB_Device_Library/Core/Src/usbd_ctlreq.o
 .text.USBD_GetConfig
                0x00000000080039ec       0x3c Middlewares/ST/STM32_USB_Device_Library/Core/Src/usbd_ctlreq.o
 .text.USBD_GetStatus
                0x0000000008003a28       0x38 Middlewares/ST/STM32_USB_Device_Library/Core/Src/usbd_ctlreq.o
 .text.USBD_ClrFeature
                0x0000000008003a60       0x26 Middlewares/ST/STM32_USB_Device_Library/Core/Src/usbd_ctlreq.o
 .text.USBD_StdDevReq
                0x0000000008003a86       0x68 Middlewares/ST/STM32_USB_Device_Library/Core/Src/usbd_ctlreq.o
                0x0000000008003a86                USBD_StdDevReq
 .text.USBD_StdItfReq
                0x0000000008003aee       0x60 Middlewares/ST/STM32_USB_Device_Library/Core/Src/usbd_ctlreq.o
                0x0000000008003aee                USBD_StdItfReq
 .text.USBD_StdEPReq
                0x0000000008003b4e      0x20a Middlewares/ST/STM32_USB_Device_Library/Core/Src/usbd_ctlreq.o
                0x0000000008003b4e                USBD_StdEPReq
 .text.USBD_GetString
                0x0000000008003d58       0x38 Middlewares/ST/STM32_USB_Device_Library/Core/Src/usbd_ctlreq.o
                0x0000000008003d58                USBD_GetString
 .text.USBD_CtlSendData
                0x0000000008003d90       0x1a Middlewares/ST/STM32_USB_Device_Library/Core/Src/usbd_ioreq.o
                0x0000000008003d90                USBD_CtlSendData
 .text.USBD_CtlContinueSendData
                0x0000000008003daa       0x10 Middlewares/ST/STM32_USB_Device_Library/Core/Src/usbd_ioreq.o
                0x0000000008003daa                USBD_CtlContinueSendData
 .text.USBD_CtlPrepareRx
                0x0000000008003dba       0x1e Middlewares/ST/STM32_USB_Device_Library/Core/Src/usbd_ioreq.o
                0x0000000008003dba                USBD_CtlPrepareRx
 .text.USBD_CtlContinueRx
                0x0000000008003dd8       0x10 Middlewares/ST/STM32_USB_Device_Library/Core/Src/usbd_ioreq.o
                0x0000000008003dd8                USBD_CtlContinueRx
 .text.USBD_CtlSendStatus
                0x0000000008003de8       0x16 Middlewares/ST/STM32_USB_Device_Library/Core/Src/usbd_ioreq.o
                0x0000000008003de8                USBD_CtlSendStatus
 .text.USBD_CtlReceiveStatus
                0x0000000008003dfe       0x16 Middlewares/ST/STM32_USB_Device_Library/Core/Src/usbd_ioreq.o
                0x0000000008003dfe                USBD_CtlReceiveStatus
 .text.MX_GPIO_Init
                0x0000000008003e14       0x60 Src/main.o
 .text.MX_TIM2_Init
                0x0000000008003e74       0x7c Src/main.o
 .text.MX_TIM5_Init
                0x0000000008003ef0       0x80 Src/main.o
 .text.MX_TIM1_Init
                0x0000000008003f70       0x80 Src/main.o
 .text.MX_TIM3_Init
                0x0000000008003ff0       0x80 Src/main.o
 .text.SystemClock_Config
                0x0000000008004070       0x98 Src/main.o
                0x0000000008004070                SystemClock_Config
 .text.main     0x0000000008004108      0x1c4 Src/main.o
                0x0000000008004108                main
 .text.Error_Handler
                0x00000000080042cc        0x2 Src/main.o
                0x00000000080042cc                Error_Handler
 *fill*         0x00000000080042ce        0x2 
 .text.HAL_MspInit
                0x00000000080042d0       0x38 Src/stm32f4xx_hal_msp.o
                0x00000000080042d0                HAL_MspInit
 .text.HAL_TIM_Base_MspInit
                0x0000000008004308      0x198 Src/stm32f4xx_hal_msp.o
                0x0000000008004308                HAL_TIM_Base_MspInit
 .text.NMI_Handler
                0x00000000080044a0        0x2 Src/stm32f4xx_it.o
                0x00000000080044a0                NMI_Handler
 .text.HardFault_Handler
                0x00000000080044a2        0x2 Src/stm32f4xx_it.o
                0x00000000080044a2                HardFault_Handler
 .text.MemManage_Handler
                0x00000000080044a4        0x2 Src/stm32f4xx_it.o
                0x00000000080044a4                MemManage_Handler
 .text.BusFault_Handler
                0x00000000080044a6        0x2 Src/stm32f4xx_it.o
                0x00000000080044a6                BusFault_Handler
 .text.UsageFault_Handler
                0x00000000080044a8        0x2 Src/stm32f4xx_it.o
                0x00000000080044a8                UsageFault_Handler
 .text.SVC_Handler
                0x00000000080044aa        0x2 Src/stm32f4xx_it.o
                0x00000000080044aa                SVC_Handler
 .text.DebugMon_Handler
                0x00000000080044ac        0x2 Src/stm32f4xx_it.o
                0x00000000080044ac                DebugMon_Handler
 .text.PendSV_Handler
                0x00000000080044ae        0x2 Src/stm32f4xx_it.o
                0x00000000080044ae                PendSV_Handler
 .text.SysTick_Handler
                0x00000000080044b0        0x8 Src/stm32f4xx_it.o
                0x00000000080044b0                SysTick_Handler
 .text.OTG_FS_IRQHandler
                0x00000000080044b8       0x10 Src/stm32f4xx_it.o
                0x00000000080044b8                OTG_FS_IRQHandler
 .text._sbrk    0x00000000080044c8       0x3c Src/syscalls.o
                0x00000000080044c8                _sbrk
 .text.SystemInit
                0x0000000008004504       0x4c Src/system_stm32f4xx.o
                0x0000000008004504                SystemInit
 .text.MX_USB_DEVICE_Init
                0x0000000008004550       0x54 Src/usb_device.o
                0x0000000008004550                MX_USB_DEVICE_Init
 .text.CDC_DeInit_FS
                0x00000000080045a4        0x4 Src/usbd_cdc_if.o
 .text.CDC_Control_FS
                0x00000000080045a8        0x4 Src/usbd_cdc_if.o
 .text.CDC_Receive_FS
                0x00000000080045ac       0x1c Src/usbd_cdc_if.o
 .text.CDC_Init_FS
                0x00000000080045c8       0x28 Src/usbd_cdc_if.o
 .text.CDC_Transmit_FS
                0x00000000080045f0       0x2c Src/usbd_cdc_if.o
                0x00000000080045f0                CDC_Transmit_FS
 .text.HAL_PCD_MspInit
                0x000000000800461c       0x7c Src/usbd_conf.o
                0x000000000800461c                HAL_PCD_MspInit
 .text.HAL_PCD_SetupStageCallback
                0x0000000008004698       0x10 Src/usbd_conf.o
                0x0000000008004698                HAL_PCD_SetupStageCallback
 .text.HAL_PCD_DataOutStageCallback
                0x00000000080046a8       0x18 Src/usbd_conf.o
                0x00000000080046a8                HAL_PCD_DataOutStageCallback
 .text.HAL_PCD_DataInStageCallback
                0x00000000080046c0       0x16 Src/usbd_conf.o
                0x00000000080046c0                HAL_PCD_DataInStageCallback
 .text.HAL_PCD_SOFCallback
                0x00000000080046d6        0xc Src/usbd_conf.o
                0x00000000080046d6                HAL_PCD_SOFCallback
 .text.HAL_PCD_ResetCallback
                0x00000000080046e2       0x2c Src/usbd_conf.o
                0x00000000080046e2                HAL_PCD_ResetCallback
 *fill*         0x000000000800470e        0x2 
 .text.HAL_PCD_SuspendCallback
                0x0000000008004710       0x30 Src/usbd_conf.o
                0x0000000008004710                HAL_PCD_SuspendCallback
 .text.HAL_PCD_ResumeCallback
                0x0000000008004740        0xc Src/usbd_conf.o
                0x0000000008004740                HAL_PCD_ResumeCallback
 .text.HAL_PCD_ISOOUTIncompleteCallback
                0x000000000800474c        0xc Src/usbd_conf.o
                0x000000000800474c                HAL_PCD_ISOOUTIncompleteCallback
 .text.HAL_PCD_ISOINIncompleteCallback
                0x0000000008004758        0xc Src/usbd_conf.o
                0x0000000008004758                HAL_PCD_ISOINIncompleteCallback
 .text.HAL_PCD_ConnectCallback
                0x0000000008004764        0xc Src/usbd_conf.o
                0x0000000008004764                HAL_PCD_ConnectCallback
 .text.HAL_PCD_DisconnectCallback
                0x0000000008004770        0xc Src/usbd_conf.o
                0x0000000008004770                HAL_PCD_DisconnectCallback
 .text.USBD_LL_Init
                0x000000000800477c       0x68 Src/usbd_conf.o
                0x000000000800477c                USBD_LL_Init
 .text.USBD_LL_IsStallEP
                0x00000000080047e4       0x2e Src/usbd_conf.o
                0x00000000080047e4                USBD_LL_IsStallEP
 .text.USBD_LL_GetRxDataSize
                0x0000000008004812        0xc Src/usbd_conf.o
                0x0000000008004812                USBD_LL_GetRxDataSize
 .text.USBD_Get_USB_Status
                0x000000000800481e       0x12 Src/usbd_conf.o
                0x000000000800481e                USBD_Get_USB_Status
 .text.USBD_LL_Start
                0x0000000008004830       0x10 Src/usbd_conf.o
                0x0000000008004830                USBD_LL_Start
 .text.USBD_LL_OpenEP
                0x0000000008004840       0x16 Src/usbd_conf.o
                0x0000000008004840                USBD_LL_OpenEP
 .text.USBD_LL_CloseEP
                0x0000000008004856       0x10 Src/usbd_conf.o
                0x0000000008004856                USBD_LL_CloseEP
 .text.USBD_LL_StallEP
                0x0000000008004866       0x10 Src/usbd_conf.o
                0x0000000008004866                USBD_LL_StallEP
 .text.USBD_LL_ClearStallEP
                0x0000000008004876       0x10 Src/usbd_conf.o
                0x0000000008004876                USBD_LL_ClearStallEP
 .text.USBD_LL_SetUSBAddress
                0x0000000008004886       0x10 Src/usbd_conf.o
                0x0000000008004886                USBD_LL_SetUSBAddress
 .text.USBD_LL_Transmit
                0x0000000008004896       0x10 Src/usbd_conf.o
                0x0000000008004896                USBD_LL_Transmit
 .text.USBD_LL_PrepareReceive
                0x00000000080048a6       0x10 Src/usbd_conf.o
                0x00000000080048a6                USBD_LL_PrepareReceive
 *fill*         0x00000000080048b6        0x2 
 .text.USBD_FS_DeviceDescriptor
                0x00000000080048b8        0xc Src/usbd_desc.o
                0x00000000080048b8                USBD_FS_DeviceDescriptor
 .text.USBD_FS_LangIDStrDescriptor
                0x00000000080048c4        0xc Src/usbd_desc.o
                0x00000000080048c4                USBD_FS_LangIDStrDescriptor
 .text.IntToUnicode
                0x00000000080048d0       0x36 Src/usbd_desc.o
 *fill*         0x0000000008004906        0x2 
 .text.Get_SerialNum
                0x0000000008004908       0x38 Src/usbd_desc.o
 .text.USBD_FS_SerialStrDescriptor
                0x0000000008004940       0x14 Src/usbd_desc.o
                0x0000000008004940                USBD_FS_SerialStrDescriptor
 .text.USBD_FS_ProductStrDescriptor
                0x0000000008004954       0x24 Src/usbd_desc.o
                0x0000000008004954                USBD_FS_ProductStrDescriptor
 .text.USBD_FS_ManufacturerStrDescriptor
                0x0000000008004978       0x1c Src/usbd_desc.o
                0x0000000008004978                USBD_FS_ManufacturerStrDescriptor
 .text.USBD_FS_ConfigStrDescriptor
                0x0000000008004994       0x24 Src/usbd_desc.o
                0x0000000008004994                USBD_FS_ConfigStrDescriptor
 .text.USBD_FS_InterfaceStrDescriptor
                0x00000000080049b8       0x24 Src/usbd_desc.o
                0x00000000080049b8                USBD_FS_InterfaceStrDescriptor
 .text.Reset_Handler
                0x00000000080049dc       0x50 startup/startup_stm32f407xx.o
                0x00000000080049dc                Reset_Handler
 .text.Default_Handler
                0x0000000008004a2c        0x2 startup/startup_stm32f407xx.o
                0x0000000008004a2c                RTC_Alarm_IRQHandler
                0x0000000008004a2c                HASH_RNG_IRQHandler
                0x0000000008004a2c                EXTI2_IRQHandler
                0x0000000008004a2c                TIM8_CC_IRQHandler
                0x0000000008004a2c                TIM1_CC_IRQHandler
                0x0000000008004a2c                DMA2_Stream5_IRQHandler
                0x0000000008004a2c                DMA1_Stream5_IRQHandler
                0x0000000008004a2c                PVD_IRQHandler
                0x0000000008004a2c                SDIO_IRQHandler
                0x0000000008004a2c                TAMP_STAMP_IRQHandler
                0x0000000008004a2c                CAN2_RX1_IRQHandler
                0x0000000008004a2c                EXTI3_IRQHandler
                0x0000000008004a2c                TIM8_TRG_COM_TIM14_IRQHandler
                0x0000000008004a2c                TIM1_UP_TIM10_IRQHandler
                0x0000000008004a2c                TIM8_UP_TIM13_IRQHandler
                0x0000000008004a2c                I2C3_ER_IRQHandler
                0x0000000008004a2c                EXTI0_IRQHandler
                0x0000000008004a2c                I2C2_EV_IRQHandler
                0x0000000008004a2c                DMA1_Stream2_IRQHandler
                0x0000000008004a2c                CAN1_RX0_IRQHandler
                0x0000000008004a2c                FPU_IRQHandler
                0x0000000008004a2c                OTG_HS_WKUP_IRQHandler
                0x0000000008004a2c                CAN2_SCE_IRQHandler
                0x0000000008004a2c                DMA2_Stream2_IRQHandler
                0x0000000008004a2c                SPI1_IRQHandler
                0x0000000008004a2c                TIM6_DAC_IRQHandler
                0x0000000008004a2c                TIM1_BRK_TIM9_IRQHandler
                0x0000000008004a2c                DCMI_IRQHandler
                0x0000000008004a2c                CAN2_RX0_IRQHandler
                0x0000000008004a2c                DMA2_Stream3_IRQHandler
                0x0000000008004a2c                USART6_IRQHandler
                0x0000000008004a2c                USART3_IRQHandler
                0x0000000008004a2c                CAN1_RX1_IRQHandler
                0x0000000008004a2c                UART5_IRQHandler
                0x0000000008004a2c                DMA2_Stream0_IRQHandler
                0x0000000008004a2c                TIM4_IRQHandler
                0x0000000008004a2c                I2C1_EV_IRQHandler
                0x0000000008004a2c                DMA1_Stream6_IRQHandler
                0x0000000008004a2c                DMA1_Stream1_IRQHandler
                0x0000000008004a2c                UART4_IRQHandler
                0x0000000008004a2c                TIM3_IRQHandler
                0x0000000008004a2c                RCC_IRQHandler
                0x0000000008004a2c                TIM8_BRK_TIM12_IRQHandler
                0x0000000008004a2c                Default_Handler
                0x0000000008004a2c                EXTI15_10_IRQHandler
                0x0000000008004a2c                ADC_IRQHandler
                0x0000000008004a2c                DMA1_Stream7_IRQHandler
                0x0000000008004a2c                TIM7_IRQHandler
                0x0000000008004a2c                CAN2_TX_IRQHandler
                0x0000000008004a2c                TIM5_IRQHandler
                0x0000000008004a2c                DMA2_Stream7_IRQHandler
                0x0000000008004a2c                I2C3_EV_IRQHandler
                0x0000000008004a2c                EXTI9_5_IRQHandler
                0x0000000008004a2c                RTC_WKUP_IRQHandler
                0x0000000008004a2c                ETH_WKUP_IRQHandler
                0x0000000008004a2c                SPI2_IRQHandler
                0x0000000008004a2c                OTG_HS_EP1_IN_IRQHandler
                0x0000000008004a2c                DMA1_Stream0_IRQHandler
                0x0000000008004a2c                CAN1_TX_IRQHandler
                0x0000000008004a2c                EXTI4_IRQHandler
                0x0000000008004a2c                FSMC_IRQHandler
                0x0000000008004a2c                ETH_IRQHandler
                0x0000000008004a2c                OTG_HS_EP1_OUT_IRQHandler
                0x0000000008004a2c                WWDG_IRQHandler
                0x0000000008004a2c                TIM2_IRQHandler
                0x0000000008004a2c                OTG_FS_WKUP_IRQHandler
                0x0000000008004a2c                TIM1_TRG_COM_TIM11_IRQHandler
                0x0000000008004a2c                OTG_HS_IRQHandler
                0x0000000008004a2c                EXTI1_IRQHandler
                0x0000000008004a2c                USART2_IRQHandler
                0x0000000008004a2c                I2C2_ER_IRQHandler
                0x0000000008004a2c                DMA2_Stream1_IRQHandler
                0x0000000008004a2c                CAN1_SCE_IRQHandler
                0x0000000008004a2c                FLASH_IRQHandler
                0x0000000008004a2c                DMA2_Stream4_IRQHandler
                0x0000000008004a2c                USART1_IRQHandler
                0x0000000008004a2c                SPI3_IRQHandler
                0x0000000008004a2c                DMA1_Stream4_IRQHandler
                0x0000000008004a2c                I2C1_ER_IRQHandler
                0x0000000008004a2c                DMA2_Stream6_IRQHandler
                0x0000000008004a2c                DMA1_Stream3_IRQHandler
 *fill*         0x0000000008004a2e        0x2 
 .text.__errno  0x0000000008004a30        0xc /home/vasyl/SW4STM32/SystemWorkbench-install/plugins/fr.ac6.mcu.externaltools.arm-none.linux64_1.17.0.201812190825/tools/compiler/bin/../lib/gcc/arm-none-eabi/7.3.1/../../../../arm-none-eabi/lib/thumb/v7e-m/fpv4-sp/hard/libc_nano.a(lib_a-errno.o)
                0x0000000008004a30                __errno
 .text.__libc_init_array
                0x0000000008004a3c       0x48 /home/vasyl/SW4STM32/SystemWorkbench-install/plugins/fr.ac6.mcu.externaltools.arm-none.linux64_1.17.0.201812190825/tools/compiler/bin/../lib/gcc/arm-none-eabi/7.3.1/../../../../arm-none-eabi/lib/thumb/v7e-m/fpv4-sp/hard/libc_nano.a(lib_a-init.o)
                0x0000000008004a3c                __libc_init_array
 .text.malloc   0x0000000008004a84       0x10 /home/vasyl/SW4STM32/SystemWorkbench-install/plugins/fr.ac6.mcu.externaltools.arm-none.linux64_1.17.0.201812190825/tools/compiler/bin/../lib/gcc/arm-none-eabi/7.3.1/../../../../arm-none-eabi/lib/thumb/v7e-m/fpv4-sp/hard/libc_nano.a(lib_a-malloc.o)
                0x0000000008004a84                malloc
 .text.free     0x0000000008004a94       0x10 /home/vasyl/SW4STM32/SystemWorkbench-install/plugins/fr.ac6.mcu.externaltools.arm-none.linux64_1.17.0.201812190825/tools/compiler/bin/../lib/gcc/arm-none-eabi/7.3.1/../../../../arm-none-eabi/lib/thumb/v7e-m/fpv4-sp/hard/libc_nano.a(lib_a-malloc.o)
                0x0000000008004a94                free
 .text.memset   0x0000000008004aa4       0x10 /home/vasyl/SW4STM32/SystemWorkbench-install/plugins/fr.ac6.mcu.externaltools.arm-none.linux64_1.17.0.201812190825/tools/compiler/bin/../lib/gcc/arm-none-eabi/7.3.1/../../../../arm-none-eabi/lib/thumb/v7e-m/fpv4-sp/hard/libc_nano.a(lib_a-memset.o)
                0x0000000008004aa4                memset
 .text._free_r  0x0000000008004ab4       0x9c /home/vasyl/SW4STM32/SystemWorkbench-install/plugins/fr.ac6.mcu.externaltools.arm-none.linux64_1.17.0.201812190825/tools/compiler/bin/../lib/gcc/arm-none-eabi/7.3.1/../../../../arm-none-eabi/lib/thumb/v7e-m/fpv4-sp/hard/libc_nano.a(lib_a-nano-freer.o)
                0x0000000008004ab4                _free_r
 .text._malloc_r
                0x0000000008004b50       0xb4 /home/vasyl/SW4STM32/SystemWorkbench-install/plugins/fr.ac6.mcu.externaltools.arm-none.linux64_1.17.0.201812190825/tools/compiler/bin/../lib/gcc/arm-none-eabi/7.3.1/../../../../arm-none-eabi/lib/thumb/v7e-m/fpv4-sp/hard/libc_nano.a(lib_a-nano-mallocr.o)
                0x0000000008004b50                _malloc_r
 .text._sbrk_r  0x0000000008004c04       0x20 /home/vasyl/SW4STM32/SystemWorkbench-install/plugins/fr.ac6.mcu.externaltools.arm-none.linux64_1.17.0.201812190825/tools/compiler/bin/../lib/gcc/arm-none-eabi/7.3.1/../../../../arm-none-eabi/lib/thumb/v7e-m/fpv4-sp/hard/libc_nano.a(lib_a-sbrkr.o)
                0x0000000008004c04                _sbrk_r
 .text.sprintf  0x0000000008004c24       0x40 /home/vasyl/SW4STM32/SystemWorkbench-install/plugins/fr.ac6.mcu.externaltools.arm-none.linux64_1.17.0.201812190825/tools/compiler/bin/../lib/gcc/arm-none-eabi/7.3.1/../../../../arm-none-eabi/lib/thumb/v7e-m/fpv4-sp/hard/libc_nano.a(lib_a-sprintf.o)
                0x0000000008004c24                sprintf
                0x0000000008004c24                siprintf
 .text.__malloc_lock
                0x0000000008004c64        0x2 /home/vasyl/SW4STM32/SystemWorkbench-install/plugins/fr.ac6.mcu.externaltools.arm-none.linux64_1.17.0.201812190825/tools/compiler/bin/../lib/gcc/arm-none-eabi/7.3.1/../../../../arm-none-eabi/lib/thumb/v7e-m/fpv4-sp/hard/libc_nano.a(lib_a-mlock.o)
                0x0000000008004c64                __malloc_lock
 .text.__malloc_unlock
                0x0000000008004c66        0x2 /home/vasyl/SW4STM32/SystemWorkbench-install/plugins/fr.ac6.mcu.externaltools.arm-none.linux64_1.17.0.201812190825/tools/compiler/bin/../lib/gcc/arm-none-eabi/7.3.1/../../../../arm-none-eabi/lib/thumb/v7e-m/fpv4-sp/hard/libc_nano.a(lib_a-mlock.o)
                0x0000000008004c66                __malloc_unlock
 .text.__ssputs_r
                0x0000000008004c68       0xb4 /home/vasyl/SW4STM32/SystemWorkbench-install/plugins/fr.ac6.mcu.externaltools.arm-none.linux64_1.17.0.201812190825/tools/compiler/bin/../lib/gcc/arm-none-eabi/7.3.1/../../../../arm-none-eabi/lib/thumb/v7e-m/fpv4-sp/hard/libc_nano.a(lib_a-nano-svfprintf.o)
                0x0000000008004c68                __ssputs_r
 .text._svfprintf_r
                0x0000000008004d1c      0x1f0 /home/vasyl/SW4STM32/SystemWorkbench-install/plugins/fr.ac6.mcu.externaltools.arm-none.linux64_1.17.0.201812190825/tools/compiler/bin/../lib/gcc/arm-none-eabi/7.3.1/../../../../arm-none-eabi/lib/thumb/v7e-m/fpv4-sp/hard/libc_nano.a(lib_a-nano-svfprintf.o)
                0x0000000008004d1c                _svfprintf_r
                0x0000000008004d1c                _svfiprintf_r
 .text._printf_common
                0x0000000008004f0c       0xea /home/vasyl/SW4STM32/SystemWorkbench-install/plugins/fr.ac6.mcu.externaltools.arm-none.linux64_1.17.0.201812190825/tools/compiler/bin/../lib/gcc/arm-none-eabi/7.3.1/../../../../arm-none-eabi/lib/thumb/v7e-m/fpv4-sp/hard/libc_nano.a(lib_a-nano-vfprintf_i.o)
                0x0000000008004f0c                _printf_common
 *fill*         0x0000000008004ff6        0x2 
 .text._printf_i
                0x0000000008004ff8      0x224 /home/vasyl/SW4STM32/SystemWorkbench-install/plugins/fr.ac6.mcu.externaltools.arm-none.linux64_1.17.0.201812190825/tools/compiler/bin/../lib/gcc/arm-none-eabi/7.3.1/../../../../arm-none-eabi/lib/thumb/v7e-m/fpv4-sp/hard/libc_nano.a(lib_a-nano-vfprintf_i.o)
                0x0000000008004ff8                _printf_i
 .text.memcpy   0x000000000800521c       0x16 /home/vasyl/SW4STM32/SystemWorkbench-install/plugins/fr.ac6.mcu.externaltools.arm-none.linux64_1.17.0.201812190825/tools/compiler/bin/../lib/gcc/arm-none-eabi/7.3.1/../../../../arm-none-eabi/lib/thumb/v7e-m/fpv4-sp/hard/libc_nano.a(lib_a-memcpy-stub.o)
                0x000000000800521c                memcpy
 .text.memmove  0x0000000008005232       0x32 /home/vasyl/SW4STM32/SystemWorkbench-install/plugins/fr.ac6.mcu.externaltools.arm-none.linux64_1.17.0.201812190825/tools/compiler/bin/../lib/gcc/arm-none-eabi/7.3.1/../../../../arm-none-eabi/lib/thumb/v7e-m/fpv4-sp/hard/libc_nano.a(lib_a-memmove.o)
                0x0000000008005232                memmove
 .text._realloc_r
                0x0000000008005264       0x4c /home/vasyl/SW4STM32/SystemWorkbench-install/plugins/fr.ac6.mcu.externaltools.arm-none.linux64_1.17.0.201812190825/tools/compiler/bin/../lib/gcc/arm-none-eabi/7.3.1/../../../../arm-none-eabi/lib/thumb/v7e-m/fpv4-sp/hard/libc_nano.a(lib_a-nano-reallocr.o)
                0x0000000008005264                _realloc_r
 .text._malloc_usable_size_r
                0x00000000080052b0       0x10 /home/vasyl/SW4STM32/SystemWorkbench-install/plugins/fr.ac6.mcu.externaltools.arm-none.linux64_1.17.0.201812190825/tools/compiler/bin/../lib/gcc/arm-none-eabi/7.3.1/../../../../arm-none-eabi/lib/thumb/v7e-m/fpv4-sp/hard/libc_nano.a(lib_a-nano-msizer.o)
                0x00000000080052b0                _malloc_usable_size_r
 *(.glue_7)
 .glue_7        0x00000000080052c0        0x0 linker stubs
 *(.glue_7t)
 .glue_7t       0x00000000080052c0        0x0 linker stubs
 *(.eh_frame)
 .eh_frame      0x00000000080052c0        0x0 /home/vasyl/SW4STM32/SystemWorkbench-install/plugins/fr.ac6.mcu.externaltools.arm-none.linux64_1.17.0.201812190825/tools/compiler/bin/../lib/gcc/arm-none-eabi/7.3.1/thumb/v7e-m/fpv4-sp/hard/crtbegin.o
 *(.init)
 .init          0x00000000080052c0        0x4 /home/vasyl/SW4STM32/SystemWorkbench-install/plugins/fr.ac6.mcu.externaltools.arm-none.linux64_1.17.0.201812190825/tools/compiler/bin/../lib/gcc/arm-none-eabi/7.3.1/thumb/v7e-m/fpv4-sp/hard/crti.o
                0x00000000080052c0                _init
 .init          0x00000000080052c4        0x8 /home/vasyl/SW4STM32/SystemWorkbench-install/plugins/fr.ac6.mcu.externaltools.arm-none.linux64_1.17.0.201812190825/tools/compiler/bin/../lib/gcc/arm-none-eabi/7.3.1/thumb/v7e-m/fpv4-sp/hard/crtn.o
 *(.fini)
 .fini          0x00000000080052cc        0x4 /home/vasyl/SW4STM32/SystemWorkbench-install/plugins/fr.ac6.mcu.externaltools.arm-none.linux64_1.17.0.201812190825/tools/compiler/bin/../lib/gcc/arm-none-eabi/7.3.1/thumb/v7e-m/fpv4-sp/hard/crti.o
                0x00000000080052cc                _fini
 .fini          0x00000000080052d0        0x8 /home/vasyl/SW4STM32/SystemWorkbench-install/plugins/fr.ac6.mcu.externaltools.arm-none.linux64_1.17.0.201812190825/tools/compiler/bin/../lib/gcc/arm-none-eabi/7.3.1/thumb/v7e-m/fpv4-sp/hard/crtn.o
                0x00000000080052d8                . = ALIGN (0x4)
                0x00000000080052d8                _etext = .

.vfp11_veneer   0x00000000080052d8        0x0
 .vfp11_veneer  0x00000000080052d8        0x0 linker stubs

.v4_bx          0x00000000080052d8        0x0
 .v4_bx         0x00000000080052d8        0x0 linker stubs

.iplt           0x00000000080052d8        0x0
 .iplt          0x00000000080052d8        0x0 /home/vasyl/SW4STM32/SystemWorkbench-install/plugins/fr.ac6.mcu.externaltools.arm-none.linux64_1.17.0.201812190825/tools/compiler/bin/../lib/gcc/arm-none-eabi/7.3.1/thumb/v7e-m/fpv4-sp/hard/crtbegin.o

.rodata         0x00000000080052d8       0xa8
                0x00000000080052d8                . = ALIGN (0x4)
 *(.rodata)
 .rodata        0x00000000080052d8       0x18 Src/system_stm32f4xx.o
                0x00000000080052d8                AHBPrescTable
                0x00000000080052e8                APBPrescTable
 *(.rodata*)
 .rodata.str1.4
                0x00000000080052f0       0x11 Src/main.o
 *fill*         0x0000000008005301        0x3 
 .rodata.str1.4
                0x0000000008005304       0x48 Src/usbd_desc.o
                                         0x46 (size before relaxing)
 .rodata._svfprintf_r.str1.1
                0x000000000800534c       0x11 /home/vasyl/SW4STM32/SystemWorkbench-install/plugins/fr.ac6.mcu.externaltools.arm-none.linux64_1.17.0.201812190825/tools/compiler/bin/../lib/gcc/arm-none-eabi/7.3.1/../../../../arm-none-eabi/lib/thumb/v7e-m/fpv4-sp/hard/libc_nano.a(lib_a-nano-svfprintf.o)
 .rodata._printf_i.str1.1
                0x000000000800535d       0x22 /home/vasyl/SW4STM32/SystemWorkbench-install/plugins/fr.ac6.mcu.externaltools.arm-none.linux64_1.17.0.201812190825/tools/compiler/bin/../lib/gcc/arm-none-eabi/7.3.1/../../../../arm-none-eabi/lib/thumb/v7e-m/fpv4-sp/hard/libc_nano.a(lib_a-nano-vfprintf_i.o)
                0x0000000008005380                . = ALIGN (0x4)
 *fill*         0x000000000800537f        0x1 

.ARM.extab
 *(.ARM.extab* .gnu.linkonce.armextab.*)

.ARM            0x0000000008005380        0x8
                0x0000000008005380                __exidx_start = .
 *(.ARM.exidx*)
 .ARM.exidx     0x0000000008005380        0x8 /home/vasyl/SW4STM32/SystemWorkbench-install/plugins/fr.ac6.mcu.externaltools.arm-none.linux64_1.17.0.201812190825/tools/compiler/bin/../lib/gcc/arm-none-eabi/7.3.1/thumb/v7e-m/fpv4-sp/hard/libgcc.a(_udivmoddi4.o)
                0x0000000008005388                __exidx_end = .

.rel.dyn        0x0000000008005388        0x0
 .rel.iplt      0x0000000008005388        0x0 /home/vasyl/SW4STM32/SystemWorkbench-install/plugins/fr.ac6.mcu.externaltools.arm-none.linux64_1.17.0.201812190825/tools/compiler/bin/../lib/gcc/arm-none-eabi/7.3.1/thumb/v7e-m/fpv4-sp/hard/crtbegin.o

.preinit_array  0x0000000008005388        0x0
                0x0000000008005388                PROVIDE (__preinit_array_start = .)
 *(.preinit_array*)
                0x0000000008005388                PROVIDE (__preinit_array_end = .)

.init_array     0x0000000008005388        0x4
                0x0000000008005388                PROVIDE (__init_array_start = .)
 *(SORT_BY_NAME(.init_array.*))
 *(.init_array*)
 .init_array    0x0000000008005388        0x4 /home/vasyl/SW4STM32/SystemWorkbench-install/plugins/fr.ac6.mcu.externaltools.arm-none.linux64_1.17.0.201812190825/tools/compiler/bin/../lib/gcc/arm-none-eabi/7.3.1/thumb/v7e-m/fpv4-sp/hard/crtbegin.o
                0x000000000800538c                PROVIDE (__init_array_end = .)

.fini_array     0x000000000800538c        0x4
                [!provide]                        PROVIDE (__fini_array_start = .)
 *(SORT_BY_NAME(.fini_array.*))
 *(.fini_array*)
 .fini_array    0x000000000800538c        0x4 /home/vasyl/SW4STM32/SystemWorkbench-install/plugins/fr.ac6.mcu.externaltools.arm-none.linux64_1.17.0.201812190825/tools/compiler/bin/../lib/gcc/arm-none-eabi/7.3.1/thumb/v7e-m/fpv4-sp/hard/crtbegin.o
                [!provide]                        PROVIDE (__fini_array_end = .)
                0x0000000008005390                _sidata = LOADADDR (.data)

.data           0x0000000020000000      0x1e0 load address 0x0000000008005390
                0x0000000020000000                . = ALIGN (0x4)
                0x0000000020000000                _sdata = .
 *(.data)
 .data          0x0000000020000000        0x8 Drivers/STM32F4xx_HAL_Driver/Src/stm32f4xx_hal.o
                0x0000000020000000                uwTickFreq
                0x0000000020000004                uwTickPrio
 .data          0x0000000020000008      0x110 Middlewares/ST/STM32_USB_Device_Library/Class/CDC/Src/usbd_cdc.o
                0x0000000020000008                USBD_CDC_CfgFSDesc
                0x000000002000004c                USBD_CDC_CfgHSDesc
                0x0000000020000090                USBD_CDC_OtherSpeedCfgDesc
                0x00000000200000e0                USBD_CDC
 .data          0x0000000020000118        0x4 Src/system_stm32f4xx.o
                0x0000000020000118                SystemCoreClock
 .data          0x000000002000011c       0x10 Src/usbd_cdc_if.o
                0x000000002000011c                USBD_Interface_fops_FS
 .data          0x000000002000012c       0x50 Src/usbd_desc.o
                0x000000002000012c                USBD_FS_DeviceDesc
                0x0000000020000140                USBD_LangIDDesc
                0x0000000020000144                USBD_StringSerial
                0x0000000020000160                FS_Desc
 *(.data*)
 .data._impure_ptr
                0x000000002000017c        0x4 /home/vasyl/SW4STM32/SystemWorkbench-install/plugins/fr.ac6.mcu.externaltools.arm-none.linux64_1.17.0.201812190825/tools/compiler/bin/../lib/gcc/arm-none-eabi/7.3.1/../../../../arm-none-eabi/lib/thumb/v7e-m/fpv4-sp/hard/libc_nano.a(lib_a-impure.o)
                0x000000002000017c                _impure_ptr
 .data.impure_data
                0x0000000020000180       0x60 /home/vasyl/SW4STM32/SystemWorkbench-install/plugins/fr.ac6.mcu.externaltools.arm-none.linux64_1.17.0.201812190825/tools/compiler/bin/../lib/gcc/arm-none-eabi/7.3.1/../../../../arm-none-eabi/lib/thumb/v7e-m/fpv4-sp/hard/libc_nano.a(lib_a-impure.o)
                0x00000000200001e0                . = ALIGN (0x4)
                0x00000000200001e0                _edata = .
                0x0000000008005570                _siccmram = LOADADDR (.ccmram)

.igot.plt       0x00000000200001e0        0x0 load address 0x0000000008005570
 .igot.plt      0x00000000200001e0        0x0 /home/vasyl/SW4STM32/SystemWorkbench-install/plugins/fr.ac6.mcu.externaltools.arm-none.linux64_1.17.0.201812190825/tools/compiler/bin/../lib/gcc/arm-none-eabi/7.3.1/thumb/v7e-m/fpv4-sp/hard/crtbegin.o

.ccmram         0x0000000010000000        0x0 load address 0x0000000008005570
                0x0000000010000000                . = ALIGN (0x4)
                0x0000000010000000                _sccmram = .
 *(.ccmram)
 *(.ccmram*)
                0x0000000010000000                . = ALIGN (0x4)
                0x0000000010000000                _eccmram = .
                0x0000000010000000                . = ALIGN (0x4)

.bss            0x00000000200001e0     0x1a2c
                0x00000000200001e0                _sbss = .
                0x00000000200001e0                __bss_start__ = _sbss
 *(.bss)
 .bss           0x00000000200001e0       0x1c /home/vasyl/SW4STM32/SystemWorkbench-install/plugins/fr.ac6.mcu.externaltools.arm-none.linux64_1.17.0.201812190825/tools/compiler/bin/../lib/gcc/arm-none-eabi/7.3.1/thumb/v7e-m/fpv4-sp/hard/crtbegin.o
 .bss           0x00000000200001fc        0x1 Middlewares/ST/STM32_USB_Device_Library/Core/Src/usbd_ctlreq.o
 *fill*         0x00000000200001fd        0x3 
 .bss           0x0000000020000200        0x8 Src/syscalls.o
                0x0000000020000204                __env
 *(.bss*)
 .bss.__malloc_free_list
                0x0000000020000208        0x4 /home/vasyl/SW4STM32/SystemWorkbench-install/plugins/fr.ac6.mcu.externaltools.arm-none.linux64_1.17.0.201812190825/tools/compiler/bin/../lib/gcc/arm-none-eabi/7.3.1/../../../../arm-none-eabi/lib/thumb/v7e-m/fpv4-sp/hard/libc_nano.a(lib_a-nano-mallocr.o)
                0x0000000020000208                __malloc_free_list
 .bss.__malloc_sbrk_start
                0x000000002000020c        0x4 /home/vasyl/SW4STM32/SystemWorkbench-install/plugins/fr.ac6.mcu.externaltools.arm-none.linux64_1.17.0.201812190825/tools/compiler/bin/../lib/gcc/arm-none-eabi/7.3.1/../../../../arm-none-eabi/lib/thumb/v7e-m/fpv4-sp/hard/libc_nano.a(lib_a-nano-mallocr.o)
                0x000000002000020c                __malloc_sbrk_start
 *(COMMON)
 COMMON         0x0000000020000210        0x4 Drivers/STM32F4xx_HAL_Driver/Src/stm32f4xx_hal.o
                0x0000000020000210                uwTick
 COMMON         0x0000000020000214      0x150 Src/main.o
                0x0000000020000214                RawFreq
                0x0000000020000264                htim5
                0x00000000200002a4                htim3
                0x00000000200002e4                htim1
                0x0000000020000324                htim2
 COMMON         0x0000000020000364      0x29c Src/usb_device.o
                0x0000000020000364                hUsbDeviceFS
 COMMON         0x0000000020000600     0x1000 Src/usbd_cdc_if.o
                0x0000000020000600                UserRxBufferFS
                0x0000000020000e00                UserTxBufferFS
 COMMON         0x0000000020001600      0x408 Src/usbd_conf.o
                0x0000000020001600                hpcd_USB_OTG_FS
 COMMON         0x0000000020001a08      0x200 Src/usbd_desc.o
                0x0000000020001a08                USBD_StrDesc
 COMMON         0x0000000020001c08        0x4 /home/vasyl/SW4STM32/SystemWorkbench-install/plugins/fr.ac6.mcu.externaltools.arm-none.linux64_1.17.0.201812190825/tools/compiler/bin/../lib/gcc/arm-none-eabi/7.3.1/../../../../arm-none-eabi/lib/thumb/v7e-m/fpv4-sp/hard/libc_nano.a(lib_a-reent.o)
                0x0000000020001c08                errno
                0x0000000020001c0c                . = ALIGN (0x4)
                0x0000000020001c0c                _ebss = .
                0x0000000020001c0c                __bss_end__ = _ebss

._user_heap_stack
                0x0000000020001c0c      0x604
                0x0000000020001c10                . = ALIGN (0x8)
 *fill*         0x0000000020001c0c        0x4 
                0x0000000020001c10                PROVIDE (end = .)
                [!provide]                        PROVIDE (_end = .)
                0x0000000020001e10                . = (. + _Min_Heap_Size)
 *fill*         0x0000000020001c10      0x200 
                0x0000000020002210                . = (. + _Min_Stack_Size)
 *fill*         0x0000000020001e10      0x400 
                0x0000000020002210                . = ALIGN (0x8)

/DISCARD/
 libc.a(*)
 libm.a(*)
 libgcc.a(*)

.ARM.attributes
                0x0000000000000000       0x30
 *(.ARM.attributes)
 .ARM.attributes
                0x0000000000000000       0x22 /home/vasyl/SW4STM32/SystemWorkbench-install/plugins/fr.ac6.mcu.externaltools.arm-none.linux64_1.17.0.201812190825/tools/compiler/bin/../lib/gcc/arm-none-eabi/7.3.1/thumb/v7e-m/fpv4-sp/hard/crti.o
 .ARM.attributes
                0x0000000000000022       0x34 /home/vasyl/SW4STM32/SystemWorkbench-install/plugins/fr.ac6.mcu.externaltools.arm-none.linux64_1.17.0.201812190825/tools/compiler/bin/../lib/gcc/arm-none-eabi/7.3.1/thumb/v7e-m/fpv4-sp/hard/crtbegin.o
 .ARM.attributes
                0x0000000000000056       0x39 Drivers/STM32F4xx_HAL_Driver/Src/stm32f4xx_hal.o
 .ARM.attributes
                0x000000000000008f       0x39 Drivers/STM32F4xx_HAL_Driver/Src/stm32f4xx_hal_cortex.o
 .ARM.attributes
                0x00000000000000c8       0x39 Drivers/STM32F4xx_HAL_Driver/Src/stm32f4xx_hal_gpio.o
 .ARM.attributes
                0x0000000000000101       0x39 Drivers/STM32F4xx_HAL_Driver/Src/stm32f4xx_hal_pcd.o
 .ARM.attributes
                0x000000000000013a       0x39 Drivers/STM32F4xx_HAL_Driver/Src/stm32f4xx_hal_pcd_ex.o
 .ARM.attributes
                0x0000000000000173       0x39 Drivers/STM32F4xx_HAL_Driver/Src/stm32f4xx_hal_rcc.o
 .ARM.attributes
                0x00000000000001ac       0x39 Drivers/STM32F4xx_HAL_Driver/Src/stm32f4xx_hal_tim.o
 .ARM.attributes
                0x00000000000001e5       0x39 Drivers/STM32F4xx_HAL_Driver/Src/stm32f4xx_hal_tim_ex.o
 .ARM.attributes
                0x000000000000021e       0x39 Drivers/STM32F4xx_HAL_Driver/Src/stm32f4xx_ll_usb.o
 .ARM.attributes
                0x0000000000000257       0x39 Middlewares/ST/STM32_USB_Device_Library/Class/CDC/Src/usbd_cdc.o
 .ARM.attributes
                0x0000000000000290       0x39 Middlewares/ST/STM32_USB_Device_Library/Core/Src/usbd_core.o
 .ARM.attributes
                0x00000000000002c9       0x39 Middlewares/ST/STM32_USB_Device_Library/Core/Src/usbd_ctlreq.o
 .ARM.attributes
                0x0000000000000302       0x39 Middlewares/ST/STM32_USB_Device_Library/Core/Src/usbd_ioreq.o
 .ARM.attributes
                0x000000000000033b       0x39 Src/main.o
 .ARM.attributes
                0x0000000000000374       0x39 Src/stm32f4xx_hal_msp.o
 .ARM.attributes
                0x00000000000003ad       0x39 Src/stm32f4xx_it.o
 .ARM.attributes
                0x00000000000003e6       0x39 Src/syscalls.o
 .ARM.attributes
                0x000000000000041f       0x39 Src/system_stm32f4xx.o
 .ARM.attributes
                0x0000000000000458       0x39 Src/usb_device.o
 .ARM.attributes
                0x0000000000000491       0x39 Src/usbd_cdc_if.o
 .ARM.attributes
                0x00000000000004ca       0x39 Src/usbd_conf.o
 .ARM.attributes
                0x0000000000000503       0x39 Src/usbd_desc.o
 .ARM.attributes
                0x000000000000053c       0x21 startup/startup_stm32f407xx.o
 .ARM.attributes
                0x000000000000055d       0x22 /home/vasyl/SW4STM32/SystemWorkbench-install/plugins/fr.ac6.mcu.externaltools.arm-none.linux64_1.17.0.201812190825/tools/compiler/bin/../lib/gcc/arm-none-eabi/7.3.1/thumb/v7e-m/fpv4-sp/hard/libgcc.a(_arm_addsubdf3.o)
 .ARM.attributes
                0x000000000000057f       0x22 /home/vasyl/SW4STM32/SystemWorkbench-install/plugins/fr.ac6.mcu.externaltools.arm-none.linux64_1.17.0.201812190825/tools/compiler/bin/../lib/gcc/arm-none-eabi/7.3.1/thumb/v7e-m/fpv4-sp/hard/libgcc.a(_arm_muldivdf3.o)
 .ARM.attributes
                0x00000000000005a1       0x22 /home/vasyl/SW4STM32/SystemWorkbench-install/plugins/fr.ac6.mcu.externaltools.arm-none.linux64_1.17.0.201812190825/tools/compiler/bin/../lib/gcc/arm-none-eabi/7.3.1/thumb/v7e-m/fpv4-sp/hard/libgcc.a(_arm_fixunsdfsi.o)
 .ARM.attributes
                0x00000000000005c3       0x22 /home/vasyl/SW4STM32/SystemWorkbench-install/plugins/fr.ac6.mcu.externaltools.arm-none.linux64_1.17.0.201812190825/tools/compiler/bin/../lib/gcc/arm-none-eabi/7.3.1/thumb/v7e-m/fpv4-sp/hard/libgcc.a(_aeabi_uldivmod.o)
 .ARM.attributes
                0x00000000000005e5       0x34 /home/vasyl/SW4STM32/SystemWorkbench-install/plugins/fr.ac6.mcu.externaltools.arm-none.linux64_1.17.0.201812190825/tools/compiler/bin/../lib/gcc/arm-none-eabi/7.3.1/thumb/v7e-m/fpv4-sp/hard/libgcc.a(_udivmoddi4.o)
 .ARM.attributes
                0x0000000000000619       0x22 /home/vasyl/SW4STM32/SystemWorkbench-install/plugins/fr.ac6.mcu.externaltools.arm-none.linux64_1.17.0.201812190825/tools/compiler/bin/../lib/gcc/arm-none-eabi/7.3.1/thumb/v7e-m/fpv4-sp/hard/libgcc.a(_dvmd_tls.o)
 .ARM.attributes
                0x000000000000063b       0x34 /home/vasyl/SW4STM32/SystemWorkbench-install/plugins/fr.ac6.mcu.externaltools.arm-none.linux64_1.17.0.201812190825/tools/compiler/bin/../lib/gcc/arm-none-eabi/7.3.1/../../../../arm-none-eabi/lib/thumb/v7e-m/fpv4-sp/hard/libc_nano.a(lib_a-errno.o)
 .ARM.attributes
                0x000000000000066f       0x34 /home/vasyl/SW4STM32/SystemWorkbench-install/plugins/fr.ac6.mcu.externaltools.arm-none.linux64_1.17.0.201812190825/tools/compiler/bin/../lib/gcc/arm-none-eabi/7.3.1/../../../../arm-none-eabi/lib/thumb/v7e-m/fpv4-sp/hard/libc_nano.a(lib_a-impure.o)
 .ARM.attributes
                0x00000000000006a3       0x34 /home/vasyl/SW4STM32/SystemWorkbench-install/plugins/fr.ac6.mcu.externaltools.arm-none.linux64_1.17.0.201812190825/tools/compiler/bin/../lib/gcc/arm-none-eabi/7.3.1/../../../../arm-none-eabi/lib/thumb/v7e-m/fpv4-sp/hard/libc_nano.a(lib_a-init.o)
 .ARM.attributes
                0x00000000000006d7       0x34 /home/vasyl/SW4STM32/SystemWorkbench-install/plugins/fr.ac6.mcu.externaltools.arm-none.linux64_1.17.0.201812190825/tools/compiler/bin/../lib/gcc/arm-none-eabi/7.3.1/../../../../arm-none-eabi/lib/thumb/v7e-m/fpv4-sp/hard/libc_nano.a(lib_a-malloc.o)
 .ARM.attributes
                0x000000000000070b       0x34 /home/vasyl/SW4STM32/SystemWorkbench-install/plugins/fr.ac6.mcu.externaltools.arm-none.linux64_1.17.0.201812190825/tools/compiler/bin/../lib/gcc/arm-none-eabi/7.3.1/../../../../arm-none-eabi/lib/thumb/v7e-m/fpv4-sp/hard/libc_nano.a(lib_a-memset.o)
 .ARM.attributes
                0x000000000000073f       0x34 /home/vasyl/SW4STM32/SystemWorkbench-install/plugins/fr.ac6.mcu.externaltools.arm-none.linux64_1.17.0.201812190825/tools/compiler/bin/../lib/gcc/arm-none-eabi/7.3.1/../../../../arm-none-eabi/lib/thumb/v7e-m/fpv4-sp/hard/libc_nano.a(lib_a-nano-freer.o)
 .ARM.attributes
                0x0000000000000773       0x34 /home/vasyl/SW4STM32/SystemWorkbench-install/plugins/fr.ac6.mcu.externaltools.arm-none.linux64_1.17.0.201812190825/tools/compiler/bin/../lib/gcc/arm-none-eabi/7.3.1/../../../../arm-none-eabi/lib/thumb/v7e-m/fpv4-sp/hard/libc_nano.a(lib_a-nano-mallocr.o)
 .ARM.attributes
                0x00000000000007a7       0x34 /home/vasyl/SW4STM32/SystemWorkbench-install/plugins/fr.ac6.mcu.externaltools.arm-none.linux64_1.17.0.201812190825/tools/compiler/bin/../lib/gcc/arm-none-eabi/7.3.1/../../../../arm-none-eabi/lib/thumb/v7e-m/fpv4-sp/hard/libc_nano.a(lib_a-sbrkr.o)
 .ARM.attributes
                0x00000000000007db       0x34 /home/vasyl/SW4STM32/SystemWorkbench-install/plugins/fr.ac6.mcu.externaltools.arm-none.linux64_1.17.0.201812190825/tools/compiler/bin/../lib/gcc/arm-none-eabi/7.3.1/../../../../arm-none-eabi/lib/thumb/v7e-m/fpv4-sp/hard/libc_nano.a(lib_a-sprintf.o)
 .ARM.attributes
                0x000000000000080f       0x34 /home/vasyl/SW4STM32/SystemWorkbench-install/plugins/fr.ac6.mcu.externaltools.arm-none.linux64_1.17.0.201812190825/tools/compiler/bin/../lib/gcc/arm-none-eabi/7.3.1/../../../../arm-none-eabi/lib/thumb/v7e-m/fpv4-sp/hard/libc_nano.a(lib_a-mlock.o)
 .ARM.attributes
                0x0000000000000843       0x34 /home/vasyl/SW4STM32/SystemWorkbench-install/plugins/fr.ac6.mcu.externaltools.arm-none.linux64_1.17.0.201812190825/tools/compiler/bin/../lib/gcc/arm-none-eabi/7.3.1/../../../../arm-none-eabi/lib/thumb/v7e-m/fpv4-sp/hard/libc_nano.a(lib_a-nano-svfprintf.o)
 .ARM.attributes
                0x0000000000000877       0x34 /home/vasyl/SW4STM32/SystemWorkbench-install/plugins/fr.ac6.mcu.externaltools.arm-none.linux64_1.17.0.201812190825/tools/compiler/bin/../lib/gcc/arm-none-eabi/7.3.1/../../../../arm-none-eabi/lib/thumb/v7e-m/fpv4-sp/hard/libc_nano.a(lib_a-nano-vfprintf_i.o)
 .ARM.attributes
                0x00000000000008ab       0x34 /home/vasyl/SW4STM32/SystemWorkbench-install/plugins/fr.ac6.mcu.externaltools.arm-none.linux64_1.17.0.201812190825/tools/compiler/bin/../lib/gcc/arm-none-eabi/7.3.1/../../../../arm-none-eabi/lib/thumb/v7e-m/fpv4-sp/hard/libc_nano.a(lib_a-reent.o)
 .ARM.attributes
                0x00000000000008df       0x20 /home/vasyl/SW4STM32/SystemWorkbench-install/plugins/fr.ac6.mcu.externaltools.arm-none.linux64_1.17.0.201812190825/tools/compiler/bin/../lib/gcc/arm-none-eabi/7.3.1/../../../../arm-none-eabi/lib/thumb/v7e-m/fpv4-sp/hard/libc_nano.a(lib_a-memchr.o)
 .ARM.attributes
                0x00000000000008ff       0x34 /home/vasyl/SW4STM32/SystemWorkbench-install/plugins/fr.ac6.mcu.externaltools.arm-none.linux64_1.17.0.201812190825/tools/compiler/bin/../lib/gcc/arm-none-eabi/7.3.1/../../../../arm-none-eabi/lib/thumb/v7e-m/fpv4-sp/hard/libc_nano.a(lib_a-memcpy-stub.o)
 .ARM.attributes
                0x0000000000000933       0x34 /home/vasyl/SW4STM32/SystemWorkbench-install/plugins/fr.ac6.mcu.externaltools.arm-none.linux64_1.17.0.201812190825/tools/compiler/bin/../lib/gcc/arm-none-eabi/7.3.1/../../../../arm-none-eabi/lib/thumb/v7e-m/fpv4-sp/hard/libc_nano.a(lib_a-memmove.o)
 .ARM.attributes
                0x0000000000000967       0x34 /home/vasyl/SW4STM32/SystemWorkbench-install/plugins/fr.ac6.mcu.externaltools.arm-none.linux64_1.17.0.201812190825/tools/compiler/bin/../lib/gcc/arm-none-eabi/7.3.1/../../../../arm-none-eabi/lib/thumb/v7e-m/fpv4-sp/hard/libc_nano.a(lib_a-nano-reallocr.o)
 .ARM.attributes
                0x000000000000099b       0x34 /home/vasyl/SW4STM32/SystemWorkbench-install/plugins/fr.ac6.mcu.externaltools.arm-none.linux64_1.17.0.201812190825/tools/compiler/bin/../lib/gcc/arm-none-eabi/7.3.1/../../../../arm-none-eabi/lib/thumb/v7e-m/fpv4-sp/hard/libc_nano.a(lib_a-nano-msizer.o)
 .ARM.attributes
                0x00000000000009cf       0x22 /home/vasyl/SW4STM32/SystemWorkbench-install/plugins/fr.ac6.mcu.externaltools.arm-none.linux64_1.17.0.201812190825/tools/compiler/bin/../lib/gcc/arm-none-eabi/7.3.1/thumb/v7e-m/fpv4-sp/hard/crtn.o
OUTPUT(tim2-tim5-tim1-tim3-usb-mod.elf elf32-littlearm)

.debug_info     0x0000000000000000    0x19722
 .debug_info    0x0000000000000000      0x9cc Drivers/STM32F4xx_HAL_Driver/Src/stm32f4xx_hal.o
 .debug_info    0x00000000000009cc      0xf3a Drivers/STM32F4xx_HAL_Driver/Src/stm32f4xx_hal_cortex.o
 .debug_info    0x0000000000001906      0x770 Drivers/STM32F4xx_HAL_Driver/Src/stm32f4xx_hal_gpio.o
 .debug_info    0x0000000000002076     0x1762 Drivers/STM32F4xx_HAL_Driver/Src/stm32f4xx_hal_pcd.o
 .debug_info    0x00000000000037d8      0x700 Drivers/STM32F4xx_HAL_Driver/Src/stm32f4xx_hal_pcd_ex.o
 .debug_info    0x0000000000003ed8      0xa39 Drivers/STM32F4xx_HAL_Driver/Src/stm32f4xx_hal_rcc.o
 .debug_info    0x0000000000004911     0x3188 Drivers/STM32F4xx_HAL_Driver/Src/stm32f4xx_hal_tim.o
 .debug_info    0x0000000000007a99     0x1497 Drivers/STM32F4xx_HAL_Driver/Src/stm32f4xx_hal_tim_ex.o
 .debug_info    0x0000000000008f30     0x1b1d Drivers/STM32F4xx_HAL_Driver/Src/stm32f4xx_ll_usb.o
 .debug_info    0x000000000000aa4d     0x1a80 Middlewares/ST/STM32_USB_Device_Library/Class/CDC/Src/usbd_cdc.o
 .debug_info    0x000000000000c4cd     0x1516 Middlewares/ST/STM32_USB_Device_Library/Core/Src/usbd_core.o
 .debug_info    0x000000000000d9e3     0x17b3 Middlewares/ST/STM32_USB_Device_Library/Core/Src/usbd_ctlreq.o
 .debug_info    0x000000000000f196      0xfe6 Middlewares/ST/STM32_USB_Device_Library/Core/Src/usbd_ioreq.o
 .debug_info    0x000000000001017c     0x1d3f Src/main.o
 .debug_info    0x0000000000011ebb      0xb6a Src/stm32f4xx_hal_msp.o
 .debug_info    0x0000000000012a25      0x656 Src/stm32f4xx_it.o
 .debug_info    0x000000000001307b      0xfd3 Src/syscalls.o
 .debug_info    0x000000000001404e      0x507 Src/system_stm32f4xx.o
 .debug_info    0x0000000000014555      0xef5 Src/usb_device.o
 .debug_info    0x000000000001544a     0x10bb Src/usbd_cdc_if.o
 .debug_info    0x0000000000016505     0x23e2 Src/usbd_conf.o
 .debug_info    0x00000000000188e7      0xe19 Src/usbd_desc.o
 .debug_info    0x0000000000019700       0x22 startup/startup_stm32f407xx.o

.debug_abbrev   0x0000000000000000     0x34de
 .debug_abbrev  0x0000000000000000      0x1f1 Drivers/STM32F4xx_HAL_Driver/Src/stm32f4xx_hal.o
 .debug_abbrev  0x00000000000001f1      0x328 Drivers/STM32F4xx_HAL_Driver/Src/stm32f4xx_hal_cortex.o
 .debug_abbrev  0x0000000000000519      0x1e7 Drivers/STM32F4xx_HAL_Driver/Src/stm32f4xx_hal_gpio.o
 .debug_abbrev  0x0000000000000700      0x294 Drivers/STM32F4xx_HAL_Driver/Src/stm32f4xx_hal_pcd.o
 .debug_abbrev  0x0000000000000994      0x1de Drivers/STM32F4xx_HAL_Driver/Src/stm32f4xx_hal_pcd_ex.o
 .debug_abbrev  0x0000000000000b72      0x273 Drivers/STM32F4xx_HAL_Driver/Src/stm32f4xx_hal_rcc.o
 .debug_abbrev  0x0000000000000de5      0x226 Drivers/STM32F4xx_HAL_Driver/Src/stm32f4xx_hal_tim.o
 .debug_abbrev  0x000000000000100b      0x237 Drivers/STM32F4xx_HAL_Driver/Src/stm32f4xx_hal_tim_ex.o
 .debug_abbrev  0x0000000000001242      0x2a8 Drivers/STM32F4xx_HAL_Driver/Src/stm32f4xx_ll_usb.o
 .debug_abbrev  0x00000000000014ea      0x339 Middlewares/ST/STM32_USB_Device_Library/Class/CDC/Src/usbd_cdc.o
 .debug_abbrev  0x0000000000001823      0x2ac Middlewares/ST/STM32_USB_Device_Library/Core/Src/usbd_core.o
 .debug_abbrev  0x0000000000001acf      0x329 Middlewares/ST/STM32_USB_Device_Library/Core/Src/usbd_ctlreq.o
 .debug_abbrev  0x0000000000001df8      0x215 Middlewares/ST/STM32_USB_Device_Library/Core/Src/usbd_ioreq.o
 .debug_abbrev  0x000000000000200d      0x310 Src/main.o
 .debug_abbrev  0x000000000000231d      0x1ba Src/stm32f4xx_hal_msp.o
 .debug_abbrev  0x00000000000024d7      0x193 Src/stm32f4xx_it.o
 .debug_abbrev  0x000000000000266a      0x2d4 Src/syscalls.o
 .debug_abbrev  0x000000000000293e      0x111 Src/system_stm32f4xx.o
 .debug_abbrev  0x0000000000002a4f      0x21c Src/usb_device.o
 .debug_abbrev  0x0000000000002c6b      0x2c9 Src/usbd_cdc_if.o
 .debug_abbrev  0x0000000000002f34      0x2ed Src/usbd_conf.o
 .debug_abbrev  0x0000000000003221      0x2ab Src/usbd_desc.o
 .debug_abbrev  0x00000000000034cc       0x12 startup/startup_stm32f407xx.o

.debug_loc      0x0000000000000000     0xbe63
 .debug_loc     0x0000000000000000       0xfd Drivers/STM32F4xx_HAL_Driver/Src/stm32f4xx_hal.o
 .debug_loc     0x00000000000000fd      0x5ce Drivers/STM32F4xx_HAL_Driver/Src/stm32f4xx_hal_cortex.o
 .debug_loc     0x00000000000006cb      0x497 Drivers/STM32F4xx_HAL_Driver/Src/stm32f4xx_hal_gpio.o
 .debug_loc     0x0000000000000b62      0xfda Drivers/STM32F4xx_HAL_Driver/Src/stm32f4xx_hal_pcd.o
 .debug_loc     0x0000000000001b3c       0xab Drivers/STM32F4xx_HAL_Driver/Src/stm32f4xx_hal_pcd_ex.o
 .debug_loc     0x0000000000001be7      0x3f1 Drivers/STM32F4xx_HAL_Driver/Src/stm32f4xx_hal_rcc.o
 .debug_loc     0x0000000000001fd8     0x3888 Drivers/STM32F4xx_HAL_Driver/Src/stm32f4xx_hal_tim.o
 .debug_loc     0x0000000000005860     0x11b6 Drivers/STM32F4xx_HAL_Driver/Src/stm32f4xx_hal_tim_ex.o
 .debug_loc     0x0000000000006a16     0x1e4e Drivers/STM32F4xx_HAL_Driver/Src/stm32f4xx_ll_usb.o
 .debug_loc     0x0000000000008864      0x729 Middlewares/ST/STM32_USB_Device_Library/Class/CDC/Src/usbd_cdc.o
 .debug_loc     0x0000000000008f8d      0x6e2 Middlewares/ST/STM32_USB_Device_Library/Core/Src/usbd_core.o
 .debug_loc     0x000000000000966f      0xe37 Middlewares/ST/STM32_USB_Device_Library/Core/Src/usbd_ctlreq.o
 .debug_loc     0x000000000000a4a6      0x23c Middlewares/ST/STM32_USB_Device_Library/Core/Src/usbd_ioreq.o
 .debug_loc     0x000000000000a6e2      0x2dc Src/main.o
 .debug_loc     0x000000000000a9be      0x10a Src/stm32f4xx_hal_msp.o
 .debug_loc     0x000000000000aac8      0x3af Src/syscalls.o
 .debug_loc     0x000000000000ae77      0x13e Src/system_stm32f4xx.o
 .debug_loc     0x000000000000afb5      0x113 Src/usbd_cdc_if.o
 .debug_loc     0x000000000000b0c8      0xa8d Src/usbd_conf.o
 .debug_loc     0x000000000000bb55      0x30e Src/usbd_desc.o

.debug_aranges  0x0000000000000000     0x1040
 .debug_aranges
                0x0000000000000000       0xf0 Drivers/STM32F4xx_HAL_Driver/Src/stm32f4xx_hal.o
 .debug_aranges
                0x00000000000000f0       0xa8 Drivers/STM32F4xx_HAL_Driver/Src/stm32f4xx_hal_cortex.o
 .debug_aranges
                0x0000000000000198       0x58 Drivers/STM32F4xx_HAL_Driver/Src/stm32f4xx_hal_gpio.o
 .debug_aranges
                0x00000000000001f0      0x130 Drivers/STM32F4xx_HAL_Driver/Src/stm32f4xx_hal_pcd.o
 .debug_aranges
                0x0000000000000320       0x38 Drivers/STM32F4xx_HAL_Driver/Src/stm32f4xx_hal_pcd_ex.o
 .debug_aranges
                0x0000000000000358       0x88 Drivers/STM32F4xx_HAL_Driver/Src/stm32f4xx_hal_rcc.o
 .debug_aranges
                0x00000000000003e0      0x3a8 Drivers/STM32F4xx_HAL_Driver/Src/stm32f4xx_hal_tim.o
 .debug_aranges
                0x0000000000000788      0x150 Drivers/STM32F4xx_HAL_Driver/Src/stm32f4xx_hal_tim_ex.o
 .debug_aranges
                0x00000000000008d8      0x198 Drivers/STM32F4xx_HAL_Driver/Src/stm32f4xx_ll_usb.o
 .debug_aranges
                0x0000000000000a70       0x90 Middlewares/ST/STM32_USB_Device_Library/Class/CDC/Src/usbd_cdc.o
 .debug_aranges
                0x0000000000000b00       0xb8 Middlewares/ST/STM32_USB_Device_Library/Core/Src/usbd_core.o
 .debug_aranges
                0x0000000000000bb8       0x88 Middlewares/ST/STM32_USB_Device_Library/Core/Src/usbd_ctlreq.o
 .debug_aranges
                0x0000000000000c40       0x50 Middlewares/ST/STM32_USB_Device_Library/Core/Src/usbd_ioreq.o
 .debug_aranges
                0x0000000000000c90       0x58 Src/main.o
 .debug_aranges
                0x0000000000000ce8       0x30 Src/stm32f4xx_hal_msp.o
 .debug_aranges
                0x0000000000000d18       0x68 Src/stm32f4xx_it.o
 .debug_aranges
                0x0000000000000d80       0xb0 Src/syscalls.o
 .debug_aranges
                0x0000000000000e30       0x28 Src/system_stm32f4xx.o
 .debug_aranges
                0x0000000000000e58       0x20 Src/usb_device.o
 .debug_aranges
                0x0000000000000e78       0x40 Src/usbd_cdc_if.o
 .debug_aranges
                0x0000000000000eb8      0x100 Src/usbd_conf.o
 .debug_aranges
                0x0000000000000fb8       0x60 Src/usbd_desc.o
 .debug_aranges
                0x0000000000001018       0x28 startup/startup_stm32f407xx.o

.debug_ranges   0x0000000000000000      0xf50
 .debug_ranges  0x0000000000000000       0xe0 Drivers/STM32F4xx_HAL_Driver/Src/stm32f4xx_hal.o
 .debug_ranges  0x00000000000000e0       0xf8 Drivers/STM32F4xx_HAL_Driver/Src/stm32f4xx_hal_cortex.o
 .debug_ranges  0x00000000000001d8       0x48 Drivers/STM32F4xx_HAL_Driver/Src/stm32f4xx_hal_gpio.o
 .debug_ranges  0x0000000000000220      0x120 Drivers/STM32F4xx_HAL_Driver/Src/stm32f4xx_hal_pcd.o
 .debug_ranges  0x0000000000000340       0x28 Drivers/STM32F4xx_HAL_Driver/Src/stm32f4xx_hal_pcd_ex.o
 .debug_ranges  0x0000000000000368       0x90 Drivers/STM32F4xx_HAL_Driver/Src/stm32f4xx_hal_rcc.o
 .debug_ranges  0x00000000000003f8      0x398 Drivers/STM32F4xx_HAL_Driver/Src/stm32f4xx_hal_tim.o
 .debug_ranges  0x0000000000000790      0x140 Drivers/STM32F4xx_HAL_Driver/Src/stm32f4xx_hal_tim_ex.o
 .debug_ranges  0x00000000000008d0      0x188 Drivers/STM32F4xx_HAL_Driver/Src/stm32f4xx_ll_usb.o
 .debug_ranges  0x0000000000000a58       0x80 Middlewares/ST/STM32_USB_Device_Library/Class/CDC/Src/usbd_cdc.o
 .debug_ranges  0x0000000000000ad8       0xa8 Middlewares/ST/STM32_USB_Device_Library/Core/Src/usbd_core.o
 .debug_ranges  0x0000000000000b80       0x78 Middlewares/ST/STM32_USB_Device_Library/Core/Src/usbd_ctlreq.o
 .debug_ranges  0x0000000000000bf8       0x40 Middlewares/ST/STM32_USB_Device_Library/Core/Src/usbd_ioreq.o
 .debug_ranges  0x0000000000000c38       0x48 Src/main.o
 .debug_ranges  0x0000000000000c80       0x20 Src/stm32f4xx_hal_msp.o
 .debug_ranges  0x0000000000000ca0       0x58 Src/stm32f4xx_it.o
 .debug_ranges  0x0000000000000cf8       0xa0 Src/syscalls.o
 .debug_ranges  0x0000000000000d98       0x18 Src/system_stm32f4xx.o
 .debug_ranges  0x0000000000000db0       0x10 Src/usb_device.o
 .debug_ranges  0x0000000000000dc0       0x30 Src/usbd_cdc_if.o
 .debug_ranges  0x0000000000000df0       0xf0 Src/usbd_conf.o
 .debug_ranges  0x0000000000000ee0       0x50 Src/usbd_desc.o
 .debug_ranges  0x0000000000000f30       0x20 startup/startup_stm32f407xx.o

.debug_macro    0x0000000000000000    0x24278
 .debug_macro   0x0000000000000000      0x248 Drivers/STM32F4xx_HAL_Driver/Src/stm32f4xx_hal.o
 .debug_macro   0x0000000000000248      0xa60 Drivers/STM32F4xx_HAL_Driver/Src/stm32f4xx_hal.o
 .debug_macro   0x0000000000000ca8      0x18c Drivers/STM32F4xx_HAL_Driver/Src/stm32f4xx_hal.o
 .debug_macro   0x0000000000000e34       0x32 Drivers/STM32F4xx_HAL_Driver/Src/stm32f4xx_hal.o
 .debug_macro   0x0000000000000e66       0x2f Drivers/STM32F4xx_HAL_Driver/Src/stm32f4xx_hal.o
 .debug_macro   0x0000000000000e95       0x22 Drivers/STM32F4xx_HAL_Driver/Src/stm32f4xx_hal.o
 .debug_macro   0x0000000000000eb7       0x8e Drivers/STM32F4xx_HAL_Driver/Src/stm32f4xx_hal.o
 .debug_macro   0x0000000000000f45       0x51 Drivers/STM32F4xx_HAL_Driver/Src/stm32f4xx_hal.o
 .debug_macro   0x0000000000000f96       0xef Drivers/STM32F4xx_HAL_Driver/Src/stm32f4xx_hal.o
 .debug_macro   0x0000000000001085       0x6a Drivers/STM32F4xx_HAL_Driver/Src/stm32f4xx_hal.o
 .debug_macro   0x00000000000010ef      0x1df Drivers/STM32F4xx_HAL_Driver/Src/stm32f4xx_hal.o
 .debug_macro   0x00000000000012ce       0x1c Drivers/STM32F4xx_HAL_Driver/Src/stm32f4xx_hal.o
 .debug_macro   0x00000000000012ea       0x22 Drivers/STM32F4xx_HAL_Driver/Src/stm32f4xx_hal.o
 .debug_macro   0x000000000000130c       0xdf Drivers/STM32F4xx_HAL_Driver/Src/stm32f4xx_hal.o
 .debug_macro   0x00000000000013eb     0x102d Drivers/STM32F4xx_HAL_Driver/Src/stm32f4xx_hal.o
 .debug_macro   0x0000000000002418      0x11f Drivers/STM32F4xx_HAL_Driver/Src/stm32f4xx_hal.o
 .debug_macro   0x0000000000002537    0x15e43 Drivers/STM32F4xx_HAL_Driver/Src/stm32f4xx_hal.o
 .debug_macro   0x000000000001837a       0x43 Drivers/STM32F4xx_HAL_Driver/Src/stm32f4xx_hal.o
 .debug_macro   0x00000000000183bd     0x35d4 Drivers/STM32F4xx_HAL_Driver/Src/stm32f4xx_hal.o
 .debug_macro   0x000000000001b991      0x174 Drivers/STM32F4xx_HAL_Driver/Src/stm32f4xx_hal.o
 .debug_macro   0x000000000001bb05       0x4e Drivers/STM32F4xx_HAL_Driver/Src/stm32f4xx_hal.o
 .debug_macro   0x000000000001bb53      0x96b Drivers/STM32F4xx_HAL_Driver/Src/stm32f4xx_hal.o
 .debug_macro   0x000000000001c4be      0x9fe Drivers/STM32F4xx_HAL_Driver/Src/stm32f4xx_hal.o
 .debug_macro   0x000000000001cebc       0xed Drivers/STM32F4xx_HAL_Driver/Src/stm32f4xx_hal.o
 .debug_macro   0x000000000001cfa9      0x117 Drivers/STM32F4xx_HAL_Driver/Src/stm32f4xx_hal.o
 .debug_macro   0x000000000001d0c0      0x13e Drivers/STM32F4xx_HAL_Driver/Src/stm32f4xx_hal.o
 .debug_macro   0x000000000001d1fe       0x27 Drivers/STM32F4xx_HAL_Driver/Src/stm32f4xx_hal.o
 .debug_macro   0x000000000001d225      0x287 Drivers/STM32F4xx_HAL_Driver/Src/stm32f4xx_hal.o
 .debug_macro   0x000000000001d4ac       0x5f Drivers/STM32F4xx_HAL_Driver/Src/stm32f4xx_hal.o
 .debug_macro   0x000000000001d50b      0x236 Drivers/STM32F4xx_HAL_Driver/Src/stm32f4xx_hal.o
 .debug_macro   0x000000000001d741      0x12c Drivers/STM32F4xx_HAL_Driver/Src/stm32f4xx_hal.o
 .debug_macro   0x000000000001d86d      0x21e Drivers/STM32F4xx_HAL_Driver/Src/stm32f4xx_hal.o
 .debug_macro   0x000000000001da8b       0x2e Drivers/STM32F4xx_HAL_Driver/Src/stm32f4xx_hal.o
 .debug_macro   0x000000000001dab9      0x11a Drivers/STM32F4xx_HAL_Driver/Src/stm32f4xx_hal.o
 .debug_macro   0x000000000001dbd3       0x7e Drivers/STM32F4xx_HAL_Driver/Src/stm32f4xx_hal.o
 .debug_macro   0x000000000001dc51       0x89 Drivers/STM32F4xx_HAL_Driver/Src/stm32f4xx_hal.o
 .debug_macro   0x000000000001dcda      0x87d Drivers/STM32F4xx_HAL_Driver/Src/stm32f4xx_hal.o
 .debug_macro   0x000000000001e557       0x47 Drivers/STM32F4xx_HAL_Driver/Src/stm32f4xx_hal.o
 .debug_macro   0x000000000001e59e      0x225 Drivers/STM32F4xx_HAL_Driver/Src/stm32f4xx_hal.o
 .debug_macro   0x000000000001e7c3       0xe4 Drivers/STM32F4xx_HAL_Driver/Src/stm32f4xx_hal.o
 .debug_macro   0x000000000001e8a7      0x12d Drivers/STM32F4xx_HAL_Driver/Src/stm32f4xx_hal.o
 .debug_macro   0x000000000001e9d4      0x1e8 Drivers/STM32F4xx_HAL_Driver/Src/stm32f4xx_hal_cortex.o
 .debug_macro   0x000000000001ebbc      0x21e Drivers/STM32F4xx_HAL_Driver/Src/stm32f4xx_hal_gpio.o
 .debug_macro   0x000000000001edda      0x1f4 Drivers/STM32F4xx_HAL_Driver/Src/stm32f4xx_hal_pcd.o
 .debug_macro   0x000000000001efce      0x1e8 Drivers/STM32F4xx_HAL_Driver/Src/stm32f4xx_hal_pcd_ex.o
 .debug_macro   0x000000000001f1b6      0x20c Drivers/STM32F4xx_HAL_Driver/Src/stm32f4xx_hal_rcc.o
 .debug_macro   0x000000000001f3c2      0x1e9 Drivers/STM32F4xx_HAL_Driver/Src/stm32f4xx_hal_tim.o
 .debug_macro   0x000000000001f5ab      0x1e8 Drivers/STM32F4xx_HAL_Driver/Src/stm32f4xx_hal_tim_ex.o
 .debug_macro   0x000000000001f793      0x1e8 Drivers/STM32F4xx_HAL_Driver/Src/stm32f4xx_ll_usb.o
 .debug_macro   0x000000000001f97b      0x3fa Middlewares/ST/STM32_USB_Device_Library/Class/CDC/Src/usbd_cdc.o
 .debug_macro   0x000000000001fd75       0x58 Middlewares/ST/STM32_USB_Device_Library/Class/CDC/Src/usbd_cdc.o
 .debug_macro   0x000000000001fdcd       0x18 Middlewares/ST/STM32_USB_Device_Library/Class/CDC/Src/usbd_cdc.o
 .debug_macro   0x000000000001fde5       0x94 Middlewares/ST/STM32_USB_Device_Library/Class/CDC/Src/usbd_cdc.o
 .debug_macro   0x000000000001fe79       0x35 Middlewares/ST/STM32_USB_Device_Library/Class/CDC/Src/usbd_cdc.o
 .debug_macro   0x000000000001feae       0x34 Middlewares/ST/STM32_USB_Device_Library/Class/CDC/Src/usbd_cdc.o
 .debug_macro   0x000000000001fee2       0x16 Middlewares/ST/STM32_USB_Device_Library/Class/CDC/Src/usbd_cdc.o
 .debug_macro   0x000000000001fef8       0x57 Middlewares/ST/STM32_USB_Device_Library/Class/CDC/Src/usbd_cdc.o
 .debug_macro   0x000000000001ff4f       0x97 Middlewares/ST/STM32_USB_Device_Library/Class/CDC/Src/usbd_cdc.o
 .debug_macro   0x000000000001ffe6      0x330 Middlewares/ST/STM32_USB_Device_Library/Class/CDC/Src/usbd_cdc.o
 .debug_macro   0x0000000000020316       0xfd Middlewares/ST/STM32_USB_Device_Library/Class/CDC/Src/usbd_cdc.o
 .debug_macro   0x0000000000020413       0x10 Middlewares/ST/STM32_USB_Device_Library/Class/CDC/Src/usbd_cdc.o